<html>
<body>
<pre>
<h1>µVision Build Log</h1>
<h2>Tool Versions:</h2>
IDE-Version: ¦ÌVision V5.39.0.0
Copyright (C) 2023 ARM Ltd and ARM Germany GmbH. All rights reserved.
License Information: ww qing, skjhhjd, LIC=PE7DL-0NT0Z-ARFXW-Q6C23-ZHPEJ-CL866
 
Tool Versions:
Toolchain:       RealView MDK-ARM  Version: 5.39.0.0
Toolchain Path:  C:\Keil_v5\ARM\ARMCC\Bin
C Compiler:      Armcc.exe V5.06 update 5 (build 528)
Assembler:       Armasm.exe V5.06 update 5 (build 528)
Linker/Locator:  ArmLink.exe V5.06 update 5 (build 528)
Library Manager: ArmAr.exe V5.06 update 5 (build 528)
Hex Converter:   FromElf.exe V5.06 update 5 (build 528)
CPU DLL:         SARMCM3.DLL V5.39.0.0
Dialog DLL:      DCM.DLL V1.17.5.0
Target DLL:      STLink\ST-LINKIII-KEIL_SWO.dll V3.2.0.0
Dialog DLL:      TCM.DLL V1.56.4.0
 
<h2>Project:</h2>
D:\servo-sdk\³õ¼¶ÄÚ´æ±í\C\stm32f103c8t6\Example\STM32_DEMO.uvprojx
Project File Date:  07/23/2024

<h2>Output:</h2>
*** Using Compiler 'V5.06 update 5 (build 528)', folder: 'C:\Keil_v5\ARM\ARMCC\Bin'
Build target 'Target 1'
compiling main.c...
User\main.c(54): warning:  #177-D: variable "order_buffer"  was declared but never referenced
  	uint8_t order_buffer[20];
User\main.c(55): warning:  #177-D: variable "order_len"  was declared but never referenced
  	uint8_t order_len;
User\main.c(58): warning:  #177-D: variable "analysis_data"  was declared but never referenced
  	uint16_t analysis_data;
User\main.c: 3 warnings, 0 errors
linking...
Program Size: Code=2284 RO-data=268 RW-data=116 ZI-data=1044  
".\Objects\STM32_DEMO.axf" - 0 Error(s), 3 Warning(s).

<h2>Software Packages used:</h2>

Package Vendor: Keil
                https://www.keil.com/pack/Keil.STM32F1xx_DFP.2.4.1.pack
                Keil::STM32F1xx_DFP@2.4.1
                STMicroelectronics STM32F1 Series Device Support, Drivers and Examples

<h2>Collection of Component include folders:</h2>
  C:/Users/ENERGIZE2402-1/AppData/Local/Arm/Packs/Keil/STM32F1xx_DFP/2.4.1/Device/Include

<h2>Collection of Component Files used:</h2>
Build Time Elapsed:  00:00:00
</pre>
</body>
</html>
