BL51 BANKED LINKER/LOCATER V6.22                                                        06/24/2024  11:14:00  PAGE 1


BL51 BANKED LINKER/LOCATER V6.22, INVOKED BY:
D:\KEIL4\C51\BIN\BL51.EXE main.obj TO template RAMSIZE (256) DISABLEWARNING (16)


MEMORY MODEL: SMALL


INPUT MODULES INCLUDED:
  main.obj (MAIN)
  D:\KEIL4\C51\LIB\C51S.LIB (?C_STARTUP)
  D:\KEIL4\C51\LIB\C51S.LIB (?C?COPY)
  D:\KEIL4\C51\LIB\C51S.LIB (?C?CLDPTR)
  D:\KEIL4\C51\LIB\C51S.LIB (?C?CLDOPTR)
  D:\KEIL4\C51\LIB\C51S.LIB (?C?CSTPTR)
  D:\KEIL4\C51\LIB\C51S.LIB (?C?CSTOPTR)
  D:\KEIL4\C51\LIB\C51S.LIB (?C?ILDPTR)
  D:\KEIL4\C51\LIB\C51S.LIB (?C?ILDOPTR)
  D:\KEIL4\C51\LIB\C51S.LIB (?C?ISTPTR)
  D:\KEIL4\C51\LIB\C51S.LIB (?C?PSTPTR)
  D:\KEIL4\C51\LIB\C51S.LIB (?C_INIT)
  D:\KEIL4\C51\LIB\C51S.LIB (?C?PSTIDATA)
  D:\KEIL4\C51\LIB\C51S.LIB (?C?PSTXDATA)
  D:\KEIL4\C51\LIB\C51S.LIB (?C?PSTPDATA)


LINK MAP OF MODULE:  template (MAIN)


            TYPE    BASE      LENGTH    RELOCATION   SEGMENT NAME
            -----------------------------------------------------

            * * * * * * *   D A T A   M E M O R Y   * * * * * * *
            REG     0000H     0008H     ABSOLUTE     "REG BANK 0"
            DATA    0008H     005AH     UNIT         _DATA_GROUP_
            DATA    0062H     0017H     UNIT         ?DT?MAIN
            DATA    0079H     0007H     UNIT         ?DT?_SERVO_MODIFY_UNKNOWN_ID?MAIN
            IDATA   0080H     0001H     UNIT         ?STACK

            * * * * * * *  X D A T A   M E M O R Y  * * * * * * *
            XDATA   0000H     005DH     UNIT         _XDATA_GROUP_

            * * * * * * *   C O D E   M E M O R Y   * * * * * * *
            CODE    0000H     0003H     ABSOLUTE     
            CODE    0003H     0008H     UNIT         ?PR?_UART_SEND?MAIN
            CODE    000BH     0003H     ABSOLUTE     
            CODE    000EH     0010H     UNIT         ?PR?TIMER0_INIT?MAIN
                    001EH     0005H                  *** GAP ***
            CODE    0023H     0003H     ABSOLUTE     
            CODE    0026H     0F95H     UNIT         ?PR?MAIN?MAIN
            CODE    0FBBH     025CH     UNIT         ?C?LIB_CODE
            CODE    1217H     0228H     UNIT         ?PR?_SERVO_PACK?MAIN
            CODE    143FH     010AH     UNIT         ?PR?_SERVO_SYNC_WRITE_TIME_BASE_TARGET_POSITION_AND_MOVING_TIME?MAI
>> N
            CODE    1549H     00AEH     UNIT         ?PR?_SERVO_SYNC_WRITE_VELOCITY_BASE_TARGET_POSITION?MAIN
            CODE    15F7H     00AEH     UNIT         ?PR?_SERVO_SYNC_WRITE_VELOCITY_BASE_TARGET_VELOCITY?MAIN
            CODE    16A5H     008CH     UNIT         ?C_C51STARTUP
            CODE    1731H     0082H     UNIT         ?PR?_SERVO_SYNC_WRITE_VELOCITY_BASE_TARGET_ACC?MAIN
            CODE    17B3H     0082H     UNIT         ?PR?_SERVO_SYNC_WRITE_VELOCITY_BASE_TARGET_DEC?MAIN
BL51 BANKED LINKER/LOCATER V6.22                                                      06/24/2024  11:14:00  PAGE 2


            CODE    1835H     0082H     UNIT         ?PR?_SERVO_SYNC_WRITE_TIME_BASE_TARGET_ACC?MAIN
            CODE    18B7H     0072H     UNIT         ?PR?_SERVO_UNPACK?MAIN
            CODE    1929H     006AH     UNIT         ?PR?_SERVO_PING_ANALYSIS?MAIN
            CODE    1993H     006AH     UNIT         ?PR?_SERVO_READ_PRESENT_CURRENT_ANALYSIS?MAIN
            CODE    19FDH     006AH     UNIT         ?PR?_SERVO_READ_PRESENT_POSITION_ANALYSIS?MAIN
            CODE    1A67H     006AH     UNIT         ?PR?_SERVO_READ_PRESENT_VELOCITY_ANALYSIS?MAIN
            CODE    1AD1H     006AH     UNIT         ?PR?_SERVO_READ_PRESENT_PROFILE_POSITION_ANALYSIS?MAIN
            CODE    1B3BH     006AH     UNIT         ?PR?_SERVO_READ_PRESENT_PROFILE_VELOCITY_ANALYSIS?MAIN
            CODE    1BA5H     006AH     UNIT         ?PR?_SERVO_READ_PRESENT_PWM_ANALYSIS?MAIN
            CODE    1C0FH     006AH     UNIT         ?PR?_SERVO_READ_TIME_BASE_TARGET_MOVING_TIME_ANALYSIS?MAIN
            CODE    1C79H     006AH     UNIT         ?PR?_SERVO_READ_TIME_BASE_TARGET_POSITION_ANALYSIS?MAIN
            CODE    1CE3H     006AH     UNIT         ?PR?_SERVO_READ_VELOCITY_BASE_TARGET_VELOCITY_ANALYSIS?MAIN
            CODE    1D4DH     006AH     UNIT         ?PR?_SERVO_READ_VELOCITY_BASE_TARGET_POSITION_ANALYSIS?MAIN
            CODE    1DB7H     006AH     UNIT         ?PR?_SERVO_READ_TARGET_CURRENT_ANALYSIS?MAIN
            CODE    1E21H     006AH     UNIT         ?PR?_SERVO_READ_TARGET_PWM_ANALYSIS?MAIN
            CODE    1E8BH     006AH     UNIT         ?PR?_SERVO_READ_CALIBRATION_ANALYSIS?MAIN
            CODE    1EF5H     006AH     UNIT         ?PR?_SERVO_READ_POSITION_CONTROL_D_GAIN_ANALYSIS?MAIN
            CODE    1F5FH     006AH     UNIT         ?PR?_SERVO_READ_POSITION_CONTROL_I_GAIN_ANALYSIS?MAIN
            CODE    1FC9H     006AH     UNIT         ?PR?_SERVO_READ_POSITION_CONTROL_P_GAIN_ANALYSIS?MAIN
            CODE    2033H     006AH     UNIT         ?PR?_SERVO_READ_CURRENT_SHUTDOWN_TIME_ANALYSIS?MAIN
            CODE    209DH     006AH     UNIT         ?PR?_SERVO_READ_MAX_CURRENT_LIMIT_ANALYSIS?MAIN
            CODE    2107H     006AH     UNIT         ?PR?_SERVO_READ_MAX_PWM_LIMIT_ANALYSIS?MAIN
            CODE    2171H     006AH     UNIT         ?PR?_SERVO_READ_MAX_ANGLE_LIMIT_ANALYSIS?MAIN
            CODE    21DBH     006AH     UNIT         ?PR?_SERVO_READ_MIN_ANGLE_LIMIT_ANALYSIS?MAIN
            CODE    2245H     0062H     UNIT         ?CO?MAIN
            CODE    22A7H     0054H     UNIT         ?PR?_SERVO_SET_TIME_BASE_TARGET_POSITION_AND_MOVING_TIME?MAIN
            CODE    22FBH     0050H     UNIT         ?PR?_SERVO_SET_TARGET_PWM?MAIN
            CODE    234BH     0050H     UNIT         ?PR?_SERVO_SET_TARGET_CURRENT?MAIN
            CODE    239BH     004EH     UNIT         ?PR?_SERVO_SET_MIN_ANGLE_LIMIT?MAIN
            CODE    23E9H     004EH     UNIT         ?PR?_SERVO_SET_MAX_ANGLE_LIMIT?MAIN
            CODE    2437H     004EH     UNIT         ?PR?_SERVO_SET_MAX_PWM_LIMIT?MAIN
            CODE    2485H     004EH     UNIT         ?PR?_SERVO_SET_MAX_CURRENT_LIMIT?MAIN
            CODE    24D3H     004EH     UNIT         ?PR?_SERVO_SET_CURRENT_SHUTDOWN_TIME?MAIN
            CODE    2521H     004EH     UNIT         ?PR?_SERVO_SET_POSITION_CONTROL_P_GAIN?MAIN
            CODE    256FH     004EH     UNIT         ?PR?_SERVO_SET_POSITION_CONTROL_I_GAIN?MAIN
            CODE    25BDH     004EH     UNIT         ?PR?_SERVO_SET_POSITION_CONTROL_D_GAIN?MAIN
            CODE    260BH     004EH     UNIT         ?PR?_SERVO_SET_VELOCITY_BASE_TARGET_POSITION?MAIN
            CODE    2659H     004EH     UNIT         ?PR?_SERVO_SET_VELOCITY_BASE_TARGET_VELOCITY?MAIN
            CODE    26A7H     0040H     UNIT         ?PR?_SERVO_SET_CONTROL_MODE?MAIN
            CODE    26E7H     0040H     UNIT         ?PR?_SERVO_SET_TORQUE_SWITCH?MAIN
            CODE    2727H     003CH     UNIT         ?PR?_UART_SEND_BUFFER?MAIN
            CODE    2763H     0038H     UNIT         ?PR?_SERVO_READ_PRESENT_TEMPERATURE_ANALYSIS?MAIN
            CODE    279BH     0038H     UNIT         ?PR?_SERVO_READ_PRESENT_VOLTAGE_ANALYSIS?MAIN
            CODE    27D3H     0038H     UNIT         ?PR?_SERVO_READ_TIME_BASE_TARGET_ACC_ANALYSIS?MAIN
            CODE    280BH     0038H     UNIT         ?PR?_SERVO_READ_VELOCITY_BASE_TARGET_DEC_ANALYSIS?MAIN
            CODE    2843H     0038H     UNIT         ?PR?_SERVO_READ_VELOCITY_BASE_TARGET_ACC_ANALYSIS?MAIN
            CODE    287BH     0038H     UNIT         ?PR?_SERVO_READ_TORQUE_SWITCH_ANALYSIS?MAIN
            CODE    28B3H     0038H     UNIT         ?PR?_SERVO_READ_LED_SWITCH_ANALYSIS?MAIN
            CODE    28EBH     0038H     UNIT         ?PR?_SERVO_READ_FLASH_SWITCH_ANALYSIS?MAIN
            CODE    2923H     0038H     UNIT         ?PR?_SERVO_READ_CURRENT_OFFSET_ANALYSIS?MAIN
            CODE    295BH     0038H     UNIT         ?PR?_SERVO_READ_CONTROL_MODE_ANALYSIS?MAIN
            CODE    2993H     0038H     UNIT         ?PR?_SERVO_READ_SHUTDOWN_CONDITION_ANALYSIS?MAIN
            CODE    29CBH     0038H     UNIT         ?PR?_SERVO_READ_LED_CONDITION_ANALYSIS?MAIN
            CODE    2A03H     0038H     UNIT         ?PR?_SERVO_READ_PWM_PUNCH_ANALYSIS?MAIN
            CODE    2A3BH     0038H     UNIT         ?PR?_SERVO_READ_CCW_DEADBAND_ANALYSIS?MAIN
            CODE    2A73H     0038H     UNIT         ?PR?_SERVO_READ_CW_DEADBAND_ANALYSIS?MAIN
            CODE    2AABH     0038H     UNIT         ?PR?_SERVO_READ_MAX_VOLTAGE_LIMIT_ANALYSIS?MAIN
BL51 BANKED LINKER/LOCATER V6.22                                                      06/24/2024  11:14:00  PAGE 3


            CODE    2AE3H     0038H     UNIT         ?PR?_SERVO_READ_MIN_VOLTAGE_LIMIT_ANALYSIS?MAIN
            CODE    2B1BH     0038H     UNIT         ?PR?_SERVO_READ_MAX_TEMPERATURE_LIMIT_ANALYSIS?MAIN
            CODE    2B53H     0038H     UNIT         ?PR?_SERVO_READ_RETURN_LEVEL_ANALYSIS?MAIN
            CODE    2B8BH     0038H     UNIT         ?PR?_SERVO_READ_RETURN_DELAY_TIME_ANALYSIS?MAIN
            CODE    2BC3H     0038H     UNIT         ?PR?_SERVO_READ_BAUD_RATE_ANALYSIS?MAIN
            CODE    2BFBH     0038H     UNIT         ?PR?_SERVO_READ_MODEL_INFORMATION_ANALYSIS?MAIN
            CODE    2C33H     0038H     UNIT         ?PR?_SERVO_READ_FIRMWARE_VERSION_ANALYSIS?MAIN
            CODE    2C6BH     002DH     UNIT         ?PR?_SYNC_WRITE_DATA?MAIN
            CODE    2C98H     002CH     UNIT         ?PR?_SERVO_MODIFY_UNKNOWN_ID?MAIN
            CODE    2CC4H     002AH     UNIT         ?PR?_SERVO_MODIFY_KNOWN_ID?MAIN
            CODE    2CEEH     002AH     UNIT         ?PR?_SERVO_SET_RETURN_DELAY_TIME?MAIN
            CODE    2D18H     002AH     UNIT         ?PR?_SERVO_SET_RETURN_LEVEL?MAIN
            CODE    2D42H     002AH     UNIT         ?PR?_SERVO_SET_BAUD_RATE?MAIN
            CODE    2D6CH     002AH     UNIT         ?PR?_SERVO_SET_MAX_TEMPERATURE_LIMIT?MAIN
            CODE    2D96H     002AH     UNIT         ?PR?_SERVO_SET_MAX_VOLTAGE_LIMIT?MAIN
            CODE    2DC0H     002AH     UNIT         ?PR?_SERVO_SET_MIN_VOLTAGE_LIMIT?MAIN
            CODE    2DEAH     002AH     UNIT         ?PR?_SERVO_SET_CW_DEADBAND?MAIN
            CODE    2E14H     002AH     UNIT         ?PR?_SERVO_SET_CCW_DEADBAND?MAIN
            CODE    2E3EH     002AH     UNIT         ?PR?_SERVO_SET_PWM_PUNCH?MAIN
            CODE    2E68H     002AH     UNIT         ?PR?_SERVO_SET_LED_CONDITION?MAIN
            CODE    2E92H     002AH     UNIT         ?PR?_SERVO_SET_SHUTDOWN_CONDITIONS?MAIN
            CODE    2EBCH     002AH     UNIT         ?PR?_SERVO_SET_FLASH_SWITCH?MAIN
            CODE    2EE6H     002AH     UNIT         ?PR?_SERVO_SET_LED_SWITCH?MAIN
            CODE    2F10H     002AH     UNIT         ?PR?_SERVO_SET_VELOCITY_BASE_TARGET_ACC?MAIN
            CODE    2F3AH     002AH     UNIT         ?PR?_SERVO_SET_VELOCITY_BASE_TARGET_DEC?MAIN
            CODE    2F64H     002AH     UNIT         ?PR?_SERVO_SET_TIME_BASE_TARGET_ACC?MAIN
            CODE    2F8EH     0029H     UNIT         ?PR?_SERVO_READ?MAIN
            CODE    2FB7H     0029H     UNIT         ?PR?_SERVO_WRITE?MAIN
            CODE    2FE0H     0028H     UNIT         ?PR?_SERVO_SET_CONTROL_MODE_ANALYSIS?MAIN
            CODE    3008H     0028H     UNIT         ?PR?_SERVO_SET_TORQUE_SWITCH_ANALYSIS?MAIN
            CODE    3030H     0027H     UNIT         ?PR?_GET_CHECK?MAIN
            CODE    3057H     0027H     UNIT         ?PR?_SERVO_PING?MAIN
            CODE    307EH     0027H     UNIT         ?PR?_SERVO_FACTORY_RESET?MAIN
            CODE    30A5H     0027H     UNIT         ?PR?_SERVO_PARAMETER_RESET?MAIN
            CODE    30CCH     0027H     UNIT         ?PR?_SERVO_CALIBRATION?MAIN
            CODE    30F3H     0027H     UNIT         ?PR?_SERVO_REBOOT?MAIN
            CODE    311AH     0027H     UNIT         ?PR?_DELAY_MS?MAIN
            CODE    3141H     0023H     UNIT         ?PR?UART?MAIN
            CODE    3164H     0022H     UNIT         ?PR?_SERVO_FACTORY_RESET_ANALYSIS?MAIN
            CODE    3186H     0022H     UNIT         ?PR?_SERVO_PARAMETER_RESET_ANALYSIS?MAIN
            CODE    31A8H     0022H     UNIT         ?PR?_SERVO_CALIBRATION_ANALYSIS?MAIN
            CODE    31CAH     0022H     UNIT         ?PR?_SERVO_SET_RETURN_DELAY_TIME_ANALYSIS?MAIN
            CODE    31ECH     0022H     UNIT         ?PR?_SERVO_SET_RETURN_LEVEL_ANALYSIS?MAIN
            CODE    320EH     0022H     UNIT         ?PR?_SERVO_SET_BAUD_RATE_ANALYSIS?MAIN
            CODE    3230H     0022H     UNIT         ?PR?_SERVO_SET_MIN_ANGLE_LIMIT_ANALYSIS?MAIN
            CODE    3252H     0022H     UNIT         ?PR?_SERVO_SET_MAX_ANGLE_LIMIT_ANALYSIS?MAIN
            CODE    3274H     0022H     UNIT         ?PR?_SERVO_SET_MAX_TEMPERATURE_LIMIT_ANALYSIS?MAIN
            CODE    3296H     0022H     UNIT         ?PR?_SERVO_SET_MAX_VOLTAGE_LIMIT_ANALYSIS?MAIN
            CODE    32B8H     0022H     UNIT         ?PR?_SERVO_SET_MIN_VOLTAGE_LIMIT_ANALYSIS?MAIN
            CODE    32DAH     0022H     UNIT         ?PR?_SERVO_SET_MAX_PWM_LIMIT_ANALYSIS?MAIN
            CODE    32FCH     0022H     UNIT         ?PR?_SERVO_SET_MAX_CURRENT_LIMIT_ANALYSIS?MAIN
            CODE    331EH     0022H     UNIT         ?PR?_SERVO_SET_CURRENT_SHUTDOWN_TIME_ANALYSIS?MAIN
            CODE    3340H     0022H     UNIT         ?PR?_SERVO_SET_CW_DEADBAND_ANALYSIS?MAIN
            CODE    3362H     0022H     UNIT         ?PR?_SERVO_SET_CCW_DEADBAND_ANALYSIS?MAIN
            CODE    3384H     0022H     UNIT         ?PR?_SERVO_SET_PWM_PUNCH_ANALYSIS?MAIN
            CODE    33A6H     0022H     UNIT         ?PR?_SERVO_SET_POSITION_CONTROL_P_GAIN_ANALYSIS?MAIN
            CODE    33C8H     0022H     UNIT         ?PR?_SERVO_SET_POSITION_CONTROL_I_GAIN_ANALYSIS?MAIN
BL51 BANKED LINKER/LOCATER V6.22                                                      06/24/2024  11:14:00  PAGE 4


            CODE    33EAH     0022H     UNIT         ?PR?_SERVO_SET_POSITION_CONTROL_D_GAIN_ANALYSIS?MAIN
            CODE    340CH     0022H     UNIT         ?PR?_SERVO_SET_LED_CONDITION_ANALYSIS?MAIN
            CODE    342EH     0022H     UNIT         ?PR?_SERVO_SET_SHUTDOWN_CONDITIONS_ANALYSIS?MAIN
            CODE    3450H     0022H     UNIT         ?PR?_SERVO_SET_FLASH_SWITCH_ANALYSIS?MAIN
            CODE    3472H     0022H     UNIT         ?PR?_SERVO_SET_LED_SWITCH_ANALYSIS?MAIN
            CODE    3494H     0022H     UNIT         ?PR?_SERVO_SET_TARGET_PWM_ANALYSIS?MAIN
            CODE    34B6H     0022H     UNIT         ?PR?_SERVO_SET_TARGET_CURRENT_ANALYSIS?MAIN
            CODE    34D8H     0022H     UNIT         ?PR?_SERVO_SET_VELOCITY_BASE_TARGET_POSITION_ANALYSIS?MAIN
            CODE    34FAH     0022H     UNIT         ?PR?_SERVO_SET_VELOCITY_BASE_TARGET_VELOCITY_ANALYSIS?MAIN
            CODE    351CH     0022H     UNIT         ?PR?_SERVO_SET_VELOCITY_BASE_TARGET_ACC_ANALYSIS?MAIN
            CODE    353EH     0022H     UNIT         ?PR?_SERVO_SET_VELOCITY_BASE_TARGET_DEC_ANALYSIS?MAIN
            CODE    3560H     0022H     UNIT         ?PR?_SERVO_SET_TIME_BASE_TARGET_ACC_ANALYSIS?MAIN
            CODE    3582H     0022H     UNIT         ?PR?_SERVO_SET_TIME_BASE_TARGET_POSITION_AND_MOVING_TIME_ANALYSIS?M
>> AIN
            CODE    35A4H     001FH     UNIT         ?PR?_SERVO_READ_PRESENT_CURRENT?MAIN
            CODE    35C3H     001FH     UNIT         ?PR?_SERVO_READ_PRESENT_POSITION?MAIN
            CODE    35E2H     001FH     UNIT         ?PR?_SERVO_READ_PRESENT_VELOCITY?MAIN
            CODE    3601H     001FH     UNIT         ?PR?_SERVO_READ_PRESENT_PROFILE_POSITION?MAIN
            CODE    3620H     001FH     UNIT         ?PR?_SERVO_READ_PRESENT_PROFILE_VELOCITY?MAIN
            CODE    363FH     001FH     UNIT         ?PR?_SERVO_READ_PRESENT_PWM?MAIN
            CODE    365EH     001FH     UNIT         ?PR?_SERVO_READ_PRESENT_TEMPERATURE?MAIN
            CODE    367DH     001FH     UNIT         ?PR?_SERVO_READ_PRESENT_VOLTAGE?MAIN
            CODE    369CH     001FH     UNIT         ?PR?_SERVO_READ_TIME_BASE_TARGET_MOVING_TIME?MAIN
            CODE    36BBH     001FH     UNIT         ?PR?_SERVO_READ_TIME_BASE_TARGET_POSITION?MAIN
            CODE    36DAH     001FH     UNIT         ?PR?_SERVO_READ_TIME_BASE_TARGET_ACC?MAIN
            CODE    36F9H     001FH     UNIT         ?PR?_SERVO_READ_VELOCITY_BASE_TARGET_DEC?MAIN
            CODE    3718H     001FH     UNIT         ?PR?_SERVO_READ_VELOCITY_BASE_TARGET_ACC?MAIN
            CODE    3737H     001FH     UNIT         ?PR?_SERVO_READ_VELOCITY_BASE_TARGET_VELOCITY?MAIN
            CODE    3756H     001FH     UNIT         ?PR?_SERVO_READ_VELOCITY_BASE_TARGET_POSITION?MAIN
            CODE    3775H     001FH     UNIT         ?PR?_SERVO_READ_TARGET_CURRENT?MAIN
            CODE    3794H     001FH     UNIT         ?PR?_SERVO_READ_TARGET_PWM?MAIN
            CODE    37B3H     001FH     UNIT         ?PR?_SERVO_READ_TORQUE_SWITCH?MAIN
            CODE    37D2H     001FH     UNIT         ?PR?_SERVO_READ_LED_SWITCH?MAIN
            CODE    37F1H     001FH     UNIT         ?PR?_SERVO_READ_FLASH_SWITCH?MAIN
            CODE    3810H     001FH     UNIT         ?PR?_SERVO_READ_CURRENT_OFFSET?MAIN
            CODE    382FH     001FH     UNIT         ?PR?_SERVO_READ_CALIBRATION?MAIN
            CODE    384EH     001FH     UNIT         ?PR?_SERVO_READ_CONTROL_MODE?MAIN
            CODE    386DH     001FH     UNIT         ?PR?_SERVO_READ_SHUTDOWN_CONDITION?MAIN
            CODE    388CH     001FH     UNIT         ?PR?_SERVO_READ_LED_CONDITION?MAIN
            CODE    38ABH     001FH     UNIT         ?PR?_SERVO_READ_POSITION_CONTROL_D_GAIN?MAIN
            CODE    38CAH     001FH     UNIT         ?PR?_SERVO_READ_POSITION_CONTROL_I_GAIN?MAIN
            CODE    38E9H     001FH     UNIT         ?PR?_SERVO_READ_POSITION_CONTROL_P_GAIN?MAIN
            CODE    3908H     001FH     UNIT         ?PR?_SERVO_READ_PWM_PUNCH?MAIN
            CODE    3927H     001FH     UNIT         ?PR?_SERVO_READ_CCW_DEADBAND?MAIN
            CODE    3946H     001FH     UNIT         ?PR?_SERVO_READ_CW_DEADBAND?MAIN
            CODE    3965H     001FH     UNIT         ?PR?_SERVO_READ_CURRENT_SHUTDOWN_TIME?MAIN
            CODE    3984H     001FH     UNIT         ?PR?_SERVO_READ_MAX_CURRENT_LIMIT?MAIN
            CODE    39A3H     001FH     UNIT         ?PR?_SERVO_READ_MAX_PWM_LIMIT?MAIN
            CODE    39C2H     001FH     UNIT         ?PR?_SERVO_READ_MAX_VOLTAGE_LIMIT?MAIN
            CODE    39E1H     001FH     UNIT         ?PR?_SERVO_READ_MIN_VOLTAGE_LIMIT?MAIN
            CODE    3A00H     001FH     UNIT         ?PR?_SERVO_READ_MAX_TEMPERATURE_LIMIT?MAIN
            CODE    3A1FH     001FH     UNIT         ?PR?_SERVO_READ_MAX_ANGLE_LIMIT?MAIN
            CODE    3A3EH     001FH     UNIT         ?PR?_SERVO_READ_MIN_ANGLE_LIMIT?MAIN
            CODE    3A5DH     001FH     UNIT         ?PR?_SERVO_READ_RETURN_LEVEL?MAIN
            CODE    3A7CH     001FH     UNIT         ?PR?_SERVO_READ_RETURN_DELAY_TIME?MAIN
            CODE    3A9BH     001FH     UNIT         ?PR?_SERVO_READ_BAUD_RATE?MAIN
            CODE    3ABAH     001FH     UNIT         ?PR?_SERVO_READ_MODEL_INFORMATION?MAIN
BL51 BANKED LINKER/LOCATER V6.22                                                      06/24/2024  11:14:00  PAGE 5


            CODE    3AD9H     001FH     UNIT         ?PR?_SERVO_READ_FIRMWARE_VERSION?MAIN
            CODE    3AF8H     001DH     UNIT         ?PR?UART_INIT?MAIN
            CODE    3B15H     001AH     UNIT         ?C_INITSEG
            CODE    3B2FH     0019H     UNIT         ?PR?TIMER0_ISR?MAIN
            CODE    3B48H     0016H     UNIT         ?PR?UART_INIT_RECV?MAIN



OVERLAY MAP OF MODULE:   template (MAIN)


SEGMENT                                            DATA_GROUP          XDATA_GROUP
  +--> CALLED SEGMENT                            START    LENGTH     START    LENGTH
------------------------------------------------------------------------------------
?C_C51STARTUP                                    -----    -----      -----    -----
  +--> ?PR?MAIN?MAIN
  +--> ?C_INITSEG

?PR?MAIN?MAIN                                    -----    -----      0000H    005DH
  +--> ?CO?MAIN
  +--> ?PR?TIMER0_INIT?MAIN
  +--> ?PR?UART_INIT?MAIN
  +--> ?PR?_SERVO_FACTORY_RESET?MAIN
  +--> ?PR?_DELAY_MS?MAIN
  +--> ?PR?_SERVO_FACTORY_RESET_ANALYSIS?MAIN
  +--> ?PR?_SERVO_PARAMETER_RESET?MAIN
  +--> ?PR?_SERVO_PARAMETER_RESET_ANALYSIS?MAIN
  +--> ?PR?_SERVO_CALIBRATION?MAIN
  +--> ?PR?_SERVO_CALIBRATION_ANALYSIS?MAIN
  +--> ?PR?_SERVO_REBOOT?MAIN
  +--> ?PR?_UART_SEND_BUFFER?MAIN
  +--> ?PR?_SERVO_PING?MAIN
  +--> ?PR?_SERVO_PING_ANALYSIS?MAIN
  +--> ?PR?_SERVO_READ_PRESENT_CURRENT?MAIN
  +--> ?PR?_SERVO_READ_PRESENT_CURRENT_ANALY...
  +--> ?PR?_SERVO_READ_PRESENT_POSITION?MAIN
  +--> ?PR?_SERVO_READ_PRESENT_POSITION_ANAL...
  +--> ?PR?_SERVO_READ_PRESENT_VELOCITY?MAIN
  +--> ?PR?_SERVO_READ_PRESENT_VELOCITY_ANAL...
  +--> ?PR?_SERVO_READ_PRESENT_PROFILE_POSIT...
  +--> ?PR?_SERVO_READ_PRESENT_PROFILE_POSIT...
  +--> ?PR?_SERVO_READ_PRESENT_PROFILE_VELOC...
  +--> ?PR?_SERVO_READ_PRESENT_PROFILE_VELOC...
  +--> ?PR?_SERVO_READ_PRESENT_PWM?MAIN
  +--> ?PR?_SERVO_READ_PRESENT_PWM_ANALYSIS?...
  +--> ?PR?_SERVO_READ_PRESENT_TEMPERATURE?MAIN
  +--> ?PR?_SERVO_READ_PRESENT_TEMPERATURE_A...
  +--> ?PR?_SERVO_READ_PRESENT_VOLTAGE?MAIN
  +--> ?PR?_SERVO_READ_PRESENT_VOLTAGE_ANALY...
  +--> ?PR?_SERVO_READ_TIME_BASE_TARGET_MOVI...
  +--> ?PR?_SERVO_READ_TIME_BASE_TARGET_MOVI...
  +--> ?PR?_SERVO_READ_TIME_BASE_TARGET_POSI...
  +--> ?PR?_SERVO_READ_TIME_BASE_TARGET_POSI...
  +--> ?PR?_SERVO_READ_TIME_BASE_TARGET_ACC?...
  +--> ?PR?_SERVO_READ_TIME_BASE_TARGET_ACC_...
  +--> ?PR?_SERVO_READ_VELOCITY_BASE_TARGET_...
  +--> ?PR?_SERVO_READ_VELOCITY_BASE_TARGET_...
BL51 BANKED LINKER/LOCATER V6.22                                                      06/24/2024  11:14:00  PAGE 6


  +--> ?PR?_SERVO_READ_VELOCITY_BASE_TARGET_...
  +--> ?PR?_SERVO_READ_VELOCITY_BASE_TARGET_...
  +--> ?PR?_SERVO_READ_VELOCITY_BASE_TARGET_...
  +--> ?PR?_SERVO_READ_VELOCITY_BASE_TARGET_...
  +--> ?PR?_SERVO_READ_VELOCITY_BASE_TARGET_...
  +--> ?PR?_SERVO_READ_VELOCITY_BASE_TARGET_...
  +--> ?PR?_SERVO_READ_TARGET_CURRENT?MAIN
  +--> ?PR?_SERVO_READ_TARGET_CURRENT_ANALYS...
  +--> ?PR?_SERVO_READ_TARGET_PWM?MAIN
  +--> ?PR?_SERVO_READ_TARGET_PWM_ANALYSIS?MAIN
  +--> ?PR?_SERVO_READ_TORQUE_SWITCH?MAIN
  +--> ?PR?_SERVO_READ_TORQUE_SWITCH_ANALYSI...
  +--> ?PR?_SERVO_READ_LED_SWITCH?MAIN
  +--> ?PR?_SERVO_READ_LED_SWITCH_ANALYSIS?MAIN
  +--> ?PR?_SERVO_READ_FLASH_SWITCH?MAIN
  +--> ?PR?_SERVO_READ_FLASH_SWITCH_ANALYSIS...
  +--> ?PR?_SERVO_READ_CURRENT_OFFSET?MAIN
  +--> ?PR?_SERVO_READ_CURRENT_OFFSET_ANALYS...
  +--> ?PR?_SERVO_READ_CALIBRATION?MAIN
  +--> ?PR?_SERVO_READ_CALIBRATION_ANALYSIS?...
  +--> ?PR?_SERVO_READ_CONTROL_MODE?MAIN
  +--> ?PR?_SERVO_READ_CONTROL_MODE_ANALYSIS...
  +--> ?PR?_SERVO_READ_SHUTDOWN_CONDITION?MAIN
  +--> ?PR?_SERVO_READ_SHUTDOWN_CONDITION_AN...
  +--> ?PR?_SERVO_READ_LED_CONDITION?MAIN
  +--> ?PR?_SERVO_READ_LED_CONDITION_ANALYSI...
  +--> ?PR?_SERVO_READ_POSITION_CONTROL_D_GA...
  +--> ?PR?_SERVO_READ_POSITION_CONTROL_D_GA...
  +--> ?PR?_SERVO_READ_POSITION_CONTROL_I_GA...
  +--> ?PR?_SERVO_READ_POSITION_CONTROL_I_GA...
  +--> ?PR?_SERVO_READ_POSITION_CONTROL_P_GA...
  +--> ?PR?_SERVO_READ_POSITION_CONTROL_P_GA...
  +--> ?PR?_SERVO_READ_PWM_PUNCH?MAIN
  +--> ?PR?_SERVO_READ_PWM_PUNCH_ANALYSIS?MAIN
  +--> ?PR?_SERVO_READ_CCW_DEADBAND?MAIN
  +--> ?PR?_SERVO_READ_CCW_DEADBAND_ANALYSIS...
  +--> ?PR?_SERVO_READ_CW_DEADBAND?MAIN
  +--> ?PR?_SERVO_READ_CW_DEADBAND_ANALYSIS?...
  +--> ?PR?_SERVO_READ_CURRENT_SHUTDOWN_TIME...
  +--> ?PR?_SERVO_READ_CURRENT_SHUTDOWN_TIME...
  +--> ?PR?_SERVO_READ_MAX_CURRENT_LIMIT?MAIN
  +--> ?PR?_SERVO_READ_MAX_CURRENT_LIMIT_ANA...
  +--> ?PR?_SERVO_READ_MAX_PWM_LIMIT?MAIN
  +--> ?PR?_SERVO_READ_MAX_PWM_LIMIT_ANALYSI...
  +--> ?PR?_SERVO_READ_MAX_VOLTAGE_LIMIT?MAIN
  +--> ?PR?_SERVO_READ_MAX_VOLTAGE_LIMIT_ANA...
  +--> ?PR?_SERVO_READ_MIN_VOLTAGE_LIMIT?MAIN
  +--> ?PR?_SERVO_READ_MIN_VOLTAGE_LIMIT_ANA...
  +--> ?PR?_SERVO_READ_MAX_TEMPERATURE_LIMIT...
  +--> ?PR?_SERVO_READ_MAX_TEMPERATURE_LIMIT...
  +--> ?PR?_SERVO_READ_MAX_ANGLE_LIMIT?MAIN
  +--> ?PR?_SERVO_READ_MAX_ANGLE_LIMIT_ANALY...
  +--> ?PR?_SERVO_READ_MIN_ANGLE_LIMIT?MAIN
  +--> ?PR?_SERVO_READ_MIN_ANGLE_LIMIT_ANALY...
  +--> ?PR?_SERVO_READ_RETURN_LEVEL?MAIN
  +--> ?PR?_SERVO_READ_RETURN_LEVEL_ANALYSIS...
  +--> ?PR?_SERVO_READ_RETURN_DELAY_TIME?MAIN
BL51 BANKED LINKER/LOCATER V6.22                                                      06/24/2024  11:14:00  PAGE 7


  +--> ?PR?_SERVO_READ_RETURN_DELAY_TIME_ANA...
  +--> ?PR?_SERVO_READ_BAUD_RATE?MAIN
  +--> ?PR?_SERVO_READ_BAUD_RATE_ANALYSIS?MAIN
  +--> ?PR?_SERVO_READ_MODEL_INFORMATION?MAIN
  +--> ?PR?_SERVO_READ_MODEL_INFORMATION_ANA...
  +--> ?PR?_SERVO_READ_FIRMWARE_VERSION?MAIN
  +--> ?PR?_SERVO_READ_FIRMWARE_VERSION_ANAL...
  +--> ?PR?_SERVO_SET_FLASH_SWITCH?MAIN
  +--> ?PR?_SERVO_SET_FLASH_SWITCH_ANALYSIS?...
  +--> ?PR?_SERVO_SET_RETURN_DELAY_TIME?MAIN
  +--> ?PR?_SERVO_SET_RETURN_DELAY_TIME_ANAL...
  +--> ?PR?_SERVO_SET_RETURN_LEVEL?MAIN
  +--> ?PR?_SERVO_SET_RETURN_LEVEL_ANALYSIS?...
  +--> ?PR?_SERVO_SET_BAUD_RATE?MAIN
  +--> ?PR?_SERVO_SET_BAUD_RATE_ANALYSIS?MAIN
  +--> ?PR?_SERVO_SET_MIN_ANGLE_LIMIT?MAIN
  +--> ?PR?_SERVO_SET_MIN_ANGLE_LIMIT_ANALYS...
  +--> ?PR?_SERVO_SET_MAX_ANGLE_LIMIT?MAIN
  +--> ?PR?_SERVO_SET_MAX_ANGLE_LIMIT_ANALYS...
  +--> ?PR?_SERVO_SET_MAX_TEMPERATURE_LIMIT?...
  +--> ?PR?_SERVO_SET_MAX_TEMPERATURE_LIMIT_...
  +--> ?PR?_SERVO_SET_MAX_VOLTAGE_LIMIT?MAIN
  +--> ?PR?_SERVO_SET_MAX_VOLTAGE_LIMIT_ANAL...
  +--> ?PR?_SERVO_SET_MIN_VOLTAGE_LIMIT?MAIN
  +--> ?PR?_SERVO_SET_MIN_VOLTAGE_LIMIT_ANAL...
  +--> ?PR?_SERVO_SET_MAX_PWM_LIMIT?MAIN
  +--> ?PR?_SERVO_SET_MAX_PWM_LIMIT_ANALYSIS...
  +--> ?PR?_SERVO_SET_MAX_CURRENT_LIMIT?MAIN
  +--> ?PR?_SERVO_SET_MAX_CURRENT_LIMIT_ANAL...
  +--> ?PR?_SERVO_SET_CURRENT_SHUTDOWN_TIME?...
  +--> ?PR?_SERVO_SET_CURRENT_SHUTDOWN_TIME_...
  +--> ?PR?_SERVO_SET_CW_DEADBAND?MAIN
  +--> ?PR?_SERVO_SET_CW_DEADBAND_ANALYSIS?MAIN
  +--> ?PR?_SERVO_SET_CCW_DEADBAND?MAIN
  +--> ?PR?_SERVO_SET_CCW_DEADBAND_ANALYSIS?...
  +--> ?PR?_SERVO_SET_PWM_PUNCH?MAIN
  +--> ?PR?_SERVO_SET_PWM_PUNCH_ANALYSIS?MAIN
  +--> ?PR?_SERVO_SET_POSITION_CONTROL_P_GAI...
  +--> ?PR?_SERVO_SET_POSITION_CONTROL_P_GAI...
  +--> ?PR?_SERVO_SET_POSITION_CONTROL_I_GAI...
  +--> ?PR?_SERVO_SET_POSITION_CONTROL_I_GAI...
  +--> ?PR?_SERVO_SET_POSITION_CONTROL_D_GAI...
  +--> ?PR?_SERVO_SET_POSITION_CONTROL_D_GAI...
  +--> ?PR?_SERVO_SET_LED_CONDITION?MAIN
  +--> ?PR?_SERVO_SET_LED_CONDITION_ANALYSIS...
  +--> ?PR?_SERVO_SET_SHUTDOWN_CONDITIONS?MAIN
  +--> ?PR?_SERVO_SET_SHUTDOWN_CONDITIONS_AN...
  +--> ?PR?_SERVO_SET_LED_SWITCH?MAIN
  +--> ?PR?_SERVO_SET_LED_SWITCH_ANALYSIS?MAIN
  +--> ?PR?_SERVO_SET_TARGET_PWM?MAIN
  +--> ?PR?_SERVO_SET_TARGET_PWM_ANALYSIS?MAIN
  +--> ?PR?_SERVO_SET_TARGET_CURRENT?MAIN
  +--> ?PR?_SERVO_SET_TARGET_CURRENT_ANALYSI...
  +--> ?PR?_SERVO_SET_TORQUE_SWITCH?MAIN
  +--> ?PR?_SERVO_SET_TORQUE_SWITCH_ANALYSIS...
  +--> ?PR?_SERVO_SET_CONTROL_MODE?MAIN
  +--> ?PR?_SERVO_SET_CONTROL_MODE_ANALYSIS?...
BL51 BANKED LINKER/LOCATER V6.22                                                      06/24/2024  11:14:00  PAGE 8


  +--> ?PR?_SERVO_SET_VELOCITY_BASE_TARGET_V...
  +--> ?PR?_SERVO_SET_VELOCITY_BASE_TARGET_V...
  +--> ?PR?_SERVO_SET_VELOCITY_BASE_TARGET_A...
  +--> ?PR?_SERVO_SET_VELOCITY_BASE_TARGET_A...
  +--> ?PR?_SERVO_SET_VELOCITY_BASE_TARGET_D...
  +--> ?PR?_SERVO_SET_VELOCITY_BASE_TARGET_D...
  +--> ?PR?_SERVO_SET_VELOCITY_BASE_TARGET_P...
  +--> ?PR?_SERVO_SET_VELOCITY_BASE_TARGET_P...
  +--> ?PR?_SERVO_SET_TIME_BASE_TARGET_ACC?MAIN
  +--> ?PR?_SERVO_SET_TIME_BASE_TARGET_ACC_A...
  +--> ?PR?_SERVO_SET_TIME_BASE_TARGET_POSIT...
  +--> ?PR?UART_INIT_RECV?MAIN
  +--> ?PR?_SERVO_SET_TIME_BASE_TARGET_POSIT...
  +--> ?PR?_SERVO_SYNC_WRITE_VELOCITY_BASE_T...
  +--> ?PR?_SERVO_SYNC_WRITE_VELOCITY_BASE_T...
  +--> ?PR?_SERVO_SYNC_WRITE_VELOCITY_BASE_T...
  +--> ?PR?_SERVO_SYNC_WRITE_VELOCITY_BASE_T...
  +--> ?PR?_SERVO_SYNC_WRITE_TIME_BASE_TARGE...
  +--> ?PR?_SERVO_SYNC_WRITE_TIME_BASE_TARGE...

?PR?UART_INIT?MAIN                               -----    -----      -----    -----
  +--> ?PR?_DELAY_MS?MAIN

?PR?_DELAY_MS?MAIN                               -----    -----      -----    -----
  +--> ?PR?_UART_SEND_BUFFER?MAIN
  +--> ?PR?UART_INIT_RECV?MAIN

?PR?_UART_SEND_BUFFER?MAIN                       0010H    0005H      -----    -----
  +--> ?PR?_UART_SEND?MAIN

?PR?_SERVO_FACTORY_RESET?MAIN                    0008H    0007H      -----    -----
  +--> ?PR?_SERVO_PACK?MAIN

?PR?_SERVO_PACK?MAIN                             0050H    000FH      -----    -----
  +--> ?PR?_GET_CHECK?MAIN

?PR?_GET_CHECK?MAIN                              005FH    0003H      -----    -----

?PR?_SERVO_FACTORY_RESET_ANALYSIS?MAIN           0008H    0006H      -----    -----
  +--> ?PR?_SERVO_UNPACK?MAIN

?PR?_SERVO_UNPACK?MAIN                           0011H    0007H      -----    -----
  +--> ?PR?_GET_CHECK?MAIN

?PR?_SERVO_PARAMETER_RESET?MAIN                  0008H    0007H      -----    -----
  +--> ?PR?_SERVO_PACK?MAIN

?PR?_SERVO_PARAMETER_RESET_ANALYSIS?MAIN         0008H    0006H      -----    -----
  +--> ?PR?_SERVO_UNPACK?MAIN

?PR?_SERVO_CALIBRATION?MAIN                      0008H    0007H      -----    -----
  +--> ?PR?_SERVO_PACK?MAIN

?PR?_SERVO_CALIBRATION_ANALYSIS?MAIN             0008H    0006H      -----    -----
  +--> ?PR?_SERVO_UNPACK?MAIN

?PR?_SERVO_REBOOT?MAIN                           0008H    0007H      -----    -----
BL51 BANKED LINKER/LOCATER V6.22                                                      06/24/2024  11:14:00  PAGE 9


  +--> ?PR?_SERVO_PACK?MAIN

?PR?_SERVO_PING?MAIN                             0008H    0007H      -----    -----
  +--> ?PR?_SERVO_PACK?MAIN

?PR?_SERVO_PING_ANALYSIS?MAIN                    0008H    0009H      -----    -----
  +--> ?PR?_SERVO_UNPACK?MAIN

?PR?_SERVO_READ_PRESENT_CURRENT?MAIN             0008H    0007H      -----    -----
  +--> ?PR?_SERVO_READ?MAIN

?PR?_SERVO_READ?MAIN                             000FH    0009H      -----    -----
  +--> ?PR?_SERVO_PACK?MAIN

?PR?_SERVO_READ_PRESENT_CURRENT_ANALY...         0008H    0009H      -----    -----
  +--> ?PR?_SERVO_UNPACK?MAIN

?PR?_SERVO_READ_PRESENT_POSITION?MAIN            0008H    0007H      -----    -----
  +--> ?PR?_SERVO_READ?MAIN

?PR?_SERVO_READ_PRESENT_POSITION_ANAL...         0008H    0009H      -----    -----
  +--> ?PR?_SERVO_UNPACK?MAIN

?PR?_SERVO_READ_PRESENT_VELOCITY?MAIN            0008H    0007H      -----    -----
  +--> ?PR?_SERVO_READ?MAIN

?PR?_SERVO_READ_PRESENT_VELOCITY_ANAL...         0008H    0009H      -----    -----
  +--> ?PR?_SERVO_UNPACK?MAIN

?PR?_SERVO_READ_PRESENT_PROFILE_POSIT...         0008H    0007H      -----    -----
  +--> ?PR?_SERVO_READ?MAIN

?PR?_SERVO_READ_PRESENT_PROFILE_POSIT...         0008H    0009H      -----    -----
  +--> ?PR?_SERVO_UNPACK?MAIN

?PR?_SERVO_READ_PRESENT_PROFILE_VELOC...         0008H    0007H      -----    -----
  +--> ?PR?_SERVO_READ?MAIN

?PR?_SERVO_READ_PRESENT_PROFILE_VELOC...         0008H    0009H      -----    -----
  +--> ?PR?_SERVO_UNPACK?MAIN

?PR?_SERVO_READ_PRESENT_PWM?MAIN                 0008H    0007H      -----    -----
  +--> ?PR?_SERVO_READ?MAIN

?PR?_SERVO_READ_PRESENT_PWM_ANALYSIS?...         0008H    0009H      -----    -----
  +--> ?PR?_SERVO_UNPACK?MAIN

?PR?_SERVO_READ_PRESENT_TEMPERATURE?MAIN         0008H    0007H      -----    -----
  +--> ?PR?_SERVO_READ?MAIN

?PR?_SERVO_READ_PRESENT_TEMPERATURE_A...         0008H    0009H      -----    -----
  +--> ?PR?_SERVO_UNPACK?MAIN

?PR?_SERVO_READ_PRESENT_VOLTAGE?MAIN             0008H    0007H      -----    -----
  +--> ?PR?_SERVO_READ?MAIN

?PR?_SERVO_READ_PRESENT_VOLTAGE_ANALY...         0008H    0009H      -----    -----
BL51 BANKED LINKER/LOCATER V6.22                                                      06/24/2024  11:14:00  PAGE 10


  +--> ?PR?_SERVO_UNPACK?MAIN

?PR?_SERVO_READ_TIME_BASE_TARGET_MOVI...         0008H    0007H      -----    -----
  +--> ?PR?_SERVO_READ?MAIN

?PR?_SERVO_READ_TIME_BASE_TARGET_MOVI...         0008H    0009H      -----    -----
  +--> ?PR?_SERVO_UNPACK?MAIN

?PR?_SERVO_READ_TIME_BASE_TARGET_POSI...         0008H    0007H      -----    -----
  +--> ?PR?_SERVO_READ?MAIN

?PR?_SERVO_READ_TIME_BASE_TARGET_POSI...         0008H    0009H      -----    -----
  +--> ?PR?_SERVO_UNPACK?MAIN

?PR?_SERVO_READ_TIME_BASE_TARGET_ACC?...         0008H    0007H      -----    -----
  +--> ?PR?_SERVO_READ?MAIN

?PR?_SERVO_READ_TIME_BASE_TARGET_ACC_...         0008H    0009H      -----    -----
  +--> ?PR?_SERVO_UNPACK?MAIN

?PR?_SERVO_READ_VELOCITY_BASE_TARGET_...         0008H    0007H      -----    -----
  +--> ?PR?_SERVO_READ?MAIN

?PR?_SERVO_READ_VELOCITY_BASE_TARGET_...         0008H    0009H      -----    -----
  +--> ?PR?_SERVO_UNPACK?MAIN

?PR?_SERVO_READ_VELOCITY_BASE_TARGET_...         0008H    0007H      -----    -----
  +--> ?PR?_SERVO_READ?MAIN

?PR?_SERVO_READ_VELOCITY_BASE_TARGET_...         0008H    0009H      -----    -----
  +--> ?PR?_SERVO_UNPACK?MAIN

?PR?_SERVO_READ_VELOCITY_BASE_TARGET_...         0008H    0007H      -----    -----
  +--> ?PR?_SERVO_READ?MAIN

?PR?_SERVO_READ_VELOCITY_BASE_TARGET_...         0008H    0009H      -----    -----
  +--> ?PR?_SERVO_UNPACK?MAIN

?PR?_SERVO_READ_VELOCITY_BASE_TARGET_...         0008H    0007H      -----    -----
  +--> ?PR?_SERVO_READ?MAIN

?PR?_SERVO_READ_VELOCITY_BASE_TARGET_...         0008H    0009H      -----    -----
  +--> ?PR?_SERVO_UNPACK?MAIN

?PR?_SERVO_READ_TARGET_CURRENT?MAIN              0008H    0007H      -----    -----
  +--> ?PR?_SERVO_READ?MAIN

?PR?_SERVO_READ_TARGET_CURRENT_ANALYS...         0008H    0009H      -----    -----
  +--> ?PR?_SERVO_UNPACK?MAIN

?PR?_SERVO_READ_TARGET_PWM?MAIN                  0008H    0007H      -----    -----
  +--> ?PR?_SERVO_READ?MAIN

?PR?_SERVO_READ_TARGET_PWM_ANALYSIS?MAIN         0008H    0009H      -----    -----
  +--> ?PR?_SERVO_UNPACK?MAIN

?PR?_SERVO_READ_TORQUE_SWITCH?MAIN               0008H    0007H      -----    -----
BL51 BANKED LINKER/LOCATER V6.22                                                      06/24/2024  11:14:00  PAGE 11


  +--> ?PR?_SERVO_READ?MAIN

?PR?_SERVO_READ_TORQUE_SWITCH_ANALYSI...         0008H    0009H      -----    -----
  +--> ?PR?_SERVO_UNPACK?MAIN

?PR?_SERVO_READ_LED_SWITCH?MAIN                  0008H    0007H      -----    -----
  +--> ?PR?_SERVO_READ?MAIN

?PR?_SERVO_READ_LED_SWITCH_ANALYSIS?MAIN         0008H    0009H      -----    -----
  +--> ?PR?_SERVO_UNPACK?MAIN

?PR?_SERVO_READ_FLASH_SWITCH?MAIN                0008H    0007H      -----    -----
  +--> ?PR?_SERVO_READ?MAIN

?PR?_SERVO_READ_FLASH_SWITCH_ANALYSIS...         0008H    0009H      -----    -----
  +--> ?PR?_SERVO_UNPACK?MAIN

?PR?_SERVO_READ_CURRENT_OFFSET?MAIN              0008H    0007H      -----    -----
  +--> ?PR?_SERVO_READ?MAIN

?PR?_SERVO_READ_CURRENT_OFFSET_ANALYS...         0008H    0009H      -----    -----
  +--> ?PR?_SERVO_UNPACK?MAIN

?PR?_SERVO_READ_CALIBRATION?MAIN                 0008H    0007H      -----    -----
  +--> ?PR?_SERVO_READ?MAIN

?PR?_SERVO_READ_CALIBRATION_ANALYSIS?...         0008H    0009H      -----    -----
  +--> ?PR?_SERVO_UNPACK?MAIN

?PR?_SERVO_READ_CONTROL_MODE?MAIN                0008H    0007H      -----    -----
  +--> ?PR?_SERVO_READ?MAIN

?PR?_SERVO_READ_CONTROL_MODE_ANALYSIS...         0008H    0009H      -----    -----
  +--> ?PR?_SERVO_UNPACK?MAIN

?PR?_SERVO_READ_SHUTDOWN_CONDITION?MAIN          0008H    0007H      -----    -----
  +--> ?PR?_SERVO_READ?MAIN

?PR?_SERVO_READ_SHUTDOWN_CONDITION_AN...         0008H    0009H      -----    -----
  +--> ?PR?_SERVO_UNPACK?MAIN

?PR?_SERVO_READ_LED_CONDITION?MAIN               0008H    0007H      -----    -----
  +--> ?PR?_SERVO_READ?MAIN

?PR?_SERVO_READ_LED_CONDITION_ANALYSI...         0008H    0009H      -----    -----
  +--> ?PR?_SERVO_UNPACK?MAIN

?PR?_SERVO_READ_POSITION_CONTROL_D_GA...         0008H    0007H      -----    -----
  +--> ?PR?_SERVO_READ?MAIN

?PR?_SERVO_READ_POSITION_CONTROL_D_GA...         0008H    0009H      -----    -----
  +--> ?PR?_SERVO_UNPACK?MAIN

?PR?_SERVO_READ_POSITION_CONTROL_I_GA...         0008H    0007H      -----    -----
  +--> ?PR?_SERVO_READ?MAIN

?PR?_SERVO_READ_POSITION_CONTROL_I_GA...         0008H    0009H      -----    -----
BL51 BANKED LINKER/LOCATER V6.22                                                      06/24/2024  11:14:00  PAGE 12


  +--> ?PR?_SERVO_UNPACK?MAIN

?PR?_SERVO_READ_POSITION_CONTROL_P_GA...         0008H    0007H      -----    -----
  +--> ?PR?_SERVO_READ?MAIN

?PR?_SERVO_READ_POSITION_CONTROL_P_GA...         0008H    0009H      -----    -----
  +--> ?PR?_SERVO_UNPACK?MAIN

?PR?_SERVO_READ_PWM_PUNCH?MAIN                   0008H    0007H      -----    -----
  +--> ?PR?_SERVO_READ?MAIN

?PR?_SERVO_READ_PWM_PUNCH_ANALYSIS?MAIN          0008H    0009H      -----    -----
  +--> ?PR?_SERVO_UNPACK?MAIN

?PR?_SERVO_READ_CCW_DEADBAND?MAIN                0008H    0007H      -----    -----
  +--> ?PR?_SERVO_READ?MAIN

?PR?_SERVO_READ_CCW_DEADBAND_ANALYSIS...         0008H    0009H      -----    -----
  +--> ?PR?_SERVO_UNPACK?MAIN

?PR?_SERVO_READ_CW_DEADBAND?MAIN                 0008H    0007H      -----    -----
  +--> ?PR?_SERVO_READ?MAIN

?PR?_SERVO_READ_CW_DEADBAND_ANALYSIS?...         0008H    0009H      -----    -----
  +--> ?PR?_SERVO_UNPACK?MAIN

?PR?_SERVO_READ_CURRENT_SHUTDOWN_TIME...         0008H    0007H      -----    -----
  +--> ?PR?_SERVO_READ?MAIN

?PR?_SERVO_READ_CURRENT_SHUTDOWN_TIME...         0008H    0009H      -----    -----
  +--> ?PR?_SERVO_UNPACK?MAIN

?PR?_SERVO_READ_MAX_CURRENT_LIMIT?MAIN           0008H    0007H      -----    -----
  +--> ?PR?_SERVO_READ?MAIN

?PR?_SERVO_READ_MAX_CURRENT_LIMIT_ANA...         0008H    0009H      -----    -----
  +--> ?PR?_SERVO_UNPACK?MAIN

?PR?_SERVO_READ_MAX_PWM_LIMIT?MAIN               0008H    0007H      -----    -----
  +--> ?PR?_SERVO_READ?MAIN

?PR?_SERVO_READ_MAX_PWM_LIMIT_ANALYSI...         0008H    0009H      -----    -----
  +--> ?PR?_SERVO_UNPACK?MAIN

?PR?_SERVO_READ_MAX_VOLTAGE_LIMIT?MAIN           0008H    0007H      -----    -----
  +--> ?PR?_SERVO_READ?MAIN

?PR?_SERVO_READ_MAX_VOLTAGE_LIMIT_ANA...         0008H    0009H      -----    -----
  +--> ?PR?_SERVO_UNPACK?MAIN

?PR?_SERVO_READ_MIN_VOLTAGE_LIMIT?MAIN           0008H    0007H      -----    -----
  +--> ?PR?_SERVO_READ?MAIN

?PR?_SERVO_READ_MIN_VOLTAGE_LIMIT_ANA...         0008H    0009H      -----    -----
  +--> ?PR?_SERVO_UNPACK?MAIN

?PR?_SERVO_READ_MAX_TEMPERATURE_LIMIT...         0008H    0007H      -----    -----
BL51 BANKED LINKER/LOCATER V6.22                                                      06/24/2024  11:14:00  PAGE 13


  +--> ?PR?_SERVO_READ?MAIN

?PR?_SERVO_READ_MAX_TEMPERATURE_LIMIT...         0008H    0009H      -----    -----
  +--> ?PR?_SERVO_UNPACK?MAIN

?PR?_SERVO_READ_MAX_ANGLE_LIMIT?MAIN             0008H    0007H      -----    -----
  +--> ?PR?_SERVO_READ?MAIN

?PR?_SERVO_READ_MAX_ANGLE_LIMIT_ANALY...         0008H    0009H      -----    -----
  +--> ?PR?_SERVO_UNPACK?MAIN

?PR?_SERVO_READ_MIN_ANGLE_LIMIT?MAIN             0008H    0007H      -----    -----
  +--> ?PR?_SERVO_READ?MAIN

?PR?_SERVO_READ_MIN_ANGLE_LIMIT_ANALY...         0008H    0009H      -----    -----
  +--> ?PR?_SERVO_UNPACK?MAIN

?PR?_SERVO_READ_RETURN_LEVEL?MAIN                0008H    0007H      -----    -----
  +--> ?PR?_SERVO_READ?MAIN

?PR?_SERVO_READ_RETURN_LEVEL_ANALYSIS...         0008H    0009H      -----    -----
  +--> ?PR?_SERVO_UNPACK?MAIN

?PR?_SERVO_READ_RETURN_DELAY_TIME?MAIN           0008H    0007H      -----    -----
  +--> ?PR?_SERVO_READ?MAIN

?PR?_SERVO_READ_RETURN_DELAY_TIME_ANA...         0008H    0009H      -----    -----
  +--> ?PR?_SERVO_UNPACK?MAIN

?PR?_SERVO_READ_BAUD_RATE?MAIN                   0008H    0007H      -----    -----
  +--> ?PR?_SERVO_READ?MAIN

?PR?_SERVO_READ_BAUD_RATE_ANALYSIS?MAIN          0008H    0009H      -----    -----
  +--> ?PR?_SERVO_UNPACK?MAIN

?PR?_SERVO_READ_MODEL_INFORMATION?MAIN           0008H    0007H      -----    -----
  +--> ?PR?_SERVO_READ?MAIN

?PR?_SERVO_READ_MODEL_INFORMATION_ANA...         0008H    0009H      -----    -----
  +--> ?PR?_SERVO_UNPACK?MAIN

?PR?_SERVO_READ_FIRMWARE_VERSION?MAIN            0008H    0007H      -----    -----
  +--> ?PR?_SERVO_READ?MAIN

?PR?_SERVO_READ_FIRMWARE_VERSION_ANAL...         0008H    0009H      -----    -----
  +--> ?PR?_SERVO_UNPACK?MAIN

?PR?_SERVO_SET_FLASH_SWITCH?MAIN                 0008H    0008H      -----    -----
  +--> ?PR?_SERVO_WRITE?MAIN

?PR?_SERVO_WRITE?MAIN                            0017H    000CH      -----    -----
  +--> ?PR?_SERVO_PACK?MAIN

?PR?_SERVO_SET_FLASH_SWITCH_ANALYSIS?...         0008H    0006H      -----    -----
  +--> ?PR?_SERVO_UNPACK?MAIN

?PR?_SERVO_SET_RETURN_DELAY_TIME?MAIN            0008H    0008H      -----    -----
BL51 BANKED LINKER/LOCATER V6.22                                                      06/24/2024  11:14:00  PAGE 14


  +--> ?PR?_SERVO_WRITE?MAIN

?PR?_SERVO_SET_RETURN_DELAY_TIME_ANAL...         0008H    0006H      -----    -----
  +--> ?PR?_SERVO_UNPACK?MAIN

?PR?_SERVO_SET_RETURN_LEVEL?MAIN                 0008H    0008H      -----    -----
  +--> ?PR?_SERVO_WRITE?MAIN

?PR?_SERVO_SET_RETURN_LEVEL_ANALYSIS?...         0008H    0006H      -----    -----
  +--> ?PR?_SERVO_UNPACK?MAIN

?PR?_SERVO_SET_BAUD_RATE?MAIN                    0008H    0008H      -----    -----
  +--> ?PR?_SERVO_WRITE?MAIN

?PR?_SERVO_SET_BAUD_RATE_ANALYSIS?MAIN           0008H    0006H      -----    -----
  +--> ?PR?_SERVO_UNPACK?MAIN

?PR?_SERVO_SET_MIN_ANGLE_LIMIT?MAIN              0008H    000BH      -----    -----
  +--> ?CO?MAIN
  +--> ?PR?_SERVO_WRITE?MAIN

?PR?_SERVO_SET_MIN_ANGLE_LIMIT_ANALYS...         0008H    0006H      -----    -----
  +--> ?PR?_SERVO_UNPACK?MAIN

?PR?_SERVO_SET_MAX_ANGLE_LIMIT?MAIN              0008H    000BH      -----    -----
  +--> ?CO?MAIN
  +--> ?PR?_SERVO_WRITE?MAIN

?PR?_SERVO_SET_MAX_ANGLE_LIMIT_ANALYS...         0008H    0006H      -----    -----
  +--> ?PR?_SERVO_UNPACK?MAIN

?PR?_SERVO_SET_MAX_TEMPERATURE_LIMIT?...         0008H    0008H      -----    -----
  +--> ?PR?_SERVO_WRITE?MAIN

?PR?_SERVO_SET_MAX_TEMPERATURE_LIMIT_...         0008H    0006H      -----    -----
  +--> ?PR?_SERVO_UNPACK?MAIN

?PR?_SERVO_SET_MAX_VOLTAGE_LIMIT?MAIN            0008H    0008H      -----    -----
  +--> ?PR?_SERVO_WRITE?MAIN

?PR?_SERVO_SET_MAX_VOLTAGE_LIMIT_ANAL...         0008H    0006H      -----    -----
  +--> ?PR?_SERVO_UNPACK?MAIN

?PR?_SERVO_SET_MIN_VOLTAGE_LIMIT?MAIN            0008H    0008H      -----    -----
  +--> ?PR?_SERVO_WRITE?MAIN

?PR?_SERVO_SET_MIN_VOLTAGE_LIMIT_ANAL...         0008H    0006H      -----    -----
  +--> ?PR?_SERVO_UNPACK?MAIN

?PR?_SERVO_SET_MAX_PWM_LIMIT?MAIN                0008H    000BH      -----    -----
  +--> ?CO?MAIN
  +--> ?PR?_SERVO_WRITE?MAIN

?PR?_SERVO_SET_MAX_PWM_LIMIT_ANALYSIS...         0008H    0006H      -----    -----
  +--> ?PR?_SERVO_UNPACK?MAIN

?PR?_SERVO_SET_MAX_CURRENT_LIMIT?MAIN            0008H    000BH      -----    -----
BL51 BANKED LINKER/LOCATER V6.22                                                      06/24/2024  11:14:00  PAGE 15


  +--> ?CO?MAIN
  +--> ?PR?_SERVO_WRITE?MAIN

?PR?_SERVO_SET_MAX_CURRENT_LIMIT_ANAL...         0008H    0006H      -----    -----
  +--> ?PR?_SERVO_UNPACK?MAIN

?PR?_SERVO_SET_CURRENT_SHUTDOWN_TIME?...         0008H    000BH      -----    -----
  +--> ?CO?MAIN
  +--> ?PR?_SERVO_WRITE?MAIN

?PR?_SERVO_SET_CURRENT_SHUTDOWN_TIME_...         0008H    0006H      -----    -----
  +--> ?PR?_SERVO_UNPACK?MAIN

?PR?_SERVO_SET_CW_DEADBAND?MAIN                  0008H    0008H      -----    -----
  +--> ?PR?_SERVO_WRITE?MAIN

?PR?_SERVO_SET_CW_DEADBAND_ANALYSIS?MAIN         0008H    0006H      -----    -----
  +--> ?PR?_SERVO_UNPACK?MAIN

?PR?_SERVO_SET_CCW_DEADBAND?MAIN                 0008H    0008H      -----    -----
  +--> ?PR?_SERVO_WRITE?MAIN

?PR?_SERVO_SET_CCW_DEADBAND_ANALYSIS?...         0008H    0006H      -----    -----
  +--> ?PR?_SERVO_UNPACK?MAIN

?PR?_SERVO_SET_PWM_PUNCH?MAIN                    0008H    0008H      -----    -----
  +--> ?PR?_SERVO_WRITE?MAIN

?PR?_SERVO_SET_PWM_PUNCH_ANALYSIS?MAIN           0008H    0006H      -----    -----
  +--> ?PR?_SERVO_UNPACK?MAIN

?PR?_SERVO_SET_POSITION_CONTROL_P_GAI...         0008H    000BH      -----    -----
  +--> ?CO?MAIN
  +--> ?PR?_SERVO_WRITE?MAIN

?PR?_SERVO_SET_POSITION_CONTROL_P_GAI...         0008H    0006H      -----    -----
  +--> ?PR?_SERVO_UNPACK?MAIN

?PR?_SERVO_SET_POSITION_CONTROL_I_GAI...         0008H    000BH      -----    -----
  +--> ?CO?MAIN
  +--> ?PR?_SERVO_WRITE?MAIN

?PR?_SERVO_SET_POSITION_CONTROL_I_GAI...         0008H    0006H      -----    -----
  +--> ?PR?_SERVO_UNPACK?MAIN

?PR?_SERVO_SET_POSITION_CONTROL_D_GAI...         0008H    000BH      -----    -----
  +--> ?CO?MAIN
  +--> ?PR?_SERVO_WRITE?MAIN

?PR?_SERVO_SET_POSITION_CONTROL_D_GAI...         0008H    0006H      -----    -----
  +--> ?PR?_SERVO_UNPACK?MAIN

?PR?_SERVO_SET_LED_CONDITION?MAIN                0008H    0008H      -----    -----
  +--> ?PR?_SERVO_WRITE?MAIN

?PR?_SERVO_SET_LED_CONDITION_ANALYSIS...         0008H    0006H      -----    -----
  +--> ?PR?_SERVO_UNPACK?MAIN
BL51 BANKED LINKER/LOCATER V6.22                                                      06/24/2024  11:14:00  PAGE 16



?PR?_SERVO_SET_SHUTDOWN_CONDITIONS?MAIN          0008H    0008H      -----    -----
  +--> ?PR?_SERVO_WRITE?MAIN

?PR?_SERVO_SET_SHUTDOWN_CONDITIONS_AN...         0008H    0006H      -----    -----
  +--> ?PR?_SERVO_UNPACK?MAIN

?PR?_SERVO_SET_LED_SWITCH?MAIN                   0008H    0008H      -----    -----
  +--> ?PR?_SERVO_WRITE?MAIN

?PR?_SERVO_SET_LED_SWITCH_ANALYSIS?MAIN          0008H    0006H      -----    -----
  +--> ?PR?_SERVO_UNPACK?MAIN

?PR?_SERVO_SET_TARGET_PWM?MAIN                   0008H    000BH      -----    -----
  +--> ?CO?MAIN
  +--> ?PR?_SERVO_WRITE?MAIN

?PR?_SERVO_SET_TARGET_PWM_ANALYSIS?MAIN          0008H    0006H      -----    -----
  +--> ?PR?_SERVO_UNPACK?MAIN

?PR?_SERVO_SET_TARGET_CURRENT?MAIN               0008H    000BH      -----    -----
  +--> ?CO?MAIN
  +--> ?PR?_SERVO_WRITE?MAIN

?PR?_SERVO_SET_TARGET_CURRENT_ANALYSI...         0008H    0006H      -----    -----
  +--> ?PR?_SERVO_UNPACK?MAIN

?PR?_SERVO_SET_TORQUE_SWITCH?MAIN                0008H    0008H      -----    -----
  +--> ?PR?UART_INIT?MAIN
  +--> ?PR?_SERVO_WRITE?MAIN

?PR?_SERVO_SET_TORQUE_SWITCH_ANALYSIS...         0008H    0006H      -----    -----
  +--> ?PR?_SERVO_UNPACK?MAIN

?PR?_SERVO_SET_CONTROL_MODE?MAIN                 0008H    0008H      -----    -----
  +--> ?PR?UART_INIT?MAIN
  +--> ?PR?_SERVO_WRITE?MAIN

?PR?_SERVO_SET_CONTROL_MODE_ANALYSIS?...         0008H    0006H      -----    -----
  +--> ?PR?_SERVO_UNPACK?MAIN

?PR?_SERVO_SET_VELOCITY_BASE_TARGET_V...         0008H    000BH      -----    -----
  +--> ?CO?MAIN
  +--> ?PR?_SERVO_WRITE?MAIN

?PR?_SERVO_SET_VELOCITY_BASE_TARGET_V...         0008H    0006H      -----    -----
  +--> ?PR?_SERVO_UNPACK?MAIN

?PR?_SERVO_SET_VELOCITY_BASE_TARGET_A...         0008H    0008H      -----    -----
  +--> ?PR?_SERVO_WRITE?MAIN

?PR?_SERVO_SET_VELOCITY_BASE_TARGET_A...         0008H    0006H      -----    -----
  +--> ?PR?_SERVO_UNPACK?MAIN

?PR?_SERVO_SET_VELOCITY_BASE_TARGET_D...         0008H    0008H      -----    -----
  +--> ?PR?_SERVO_WRITE?MAIN

BL51 BANKED LINKER/LOCATER V6.22                                                      06/24/2024  11:14:00  PAGE 17


?PR?_SERVO_SET_VELOCITY_BASE_TARGET_D...         0008H    0006H      -----    -----
  +--> ?PR?_SERVO_UNPACK?MAIN

?PR?_SERVO_SET_VELOCITY_BASE_TARGET_P...         0008H    000BH      -----    -----
  +--> ?CO?MAIN
  +--> ?PR?_SERVO_WRITE?MAIN

?PR?_SERVO_SET_VELOCITY_BASE_TARGET_P...         0008H    0006H      -----    -----
  +--> ?PR?_SERVO_UNPACK?MAIN

?PR?_SERVO_SET_TIME_BASE_TARGET_ACC?MAIN         0008H    0008H      -----    -----
  +--> ?PR?_SERVO_WRITE?MAIN

?PR?_SERVO_SET_TIME_BASE_TARGET_ACC_A...         0008H    0006H      -----    -----
  +--> ?PR?_SERVO_UNPACK?MAIN

?PR?_SERVO_SET_TIME_BASE_TARGET_POSIT...         0008H    000FH      -----    -----
  +--> ?CO?MAIN
  +--> ?PR?_SERVO_WRITE?MAIN

?PR?_SERVO_SET_TIME_BASE_TARGET_POSIT...         0008H    0006H      -----    -----
  +--> ?PR?_SERVO_UNPACK?MAIN

?PR?_SERVO_SYNC_WRITE_VELOCITY_BASE_T...         0008H    003DH      -----    -----
  +--> ?PR?_SYNC_WRITE_DATA?MAIN

?PR?_SYNC_WRITE_DATA?MAIN                        0045H    000BH      -----    -----
  +--> ?PR?_SERVO_PACK?MAIN

?PR?_SERVO_SYNC_WRITE_VELOCITY_BASE_T...         0008H    003DH      -----    -----
  +--> ?PR?_SYNC_WRITE_DATA?MAIN

?PR?_SERVO_SYNC_WRITE_VELOCITY_BASE_T...         0008H    003DH      -----    -----
  +--> ?PR?_SYNC_WRITE_DATA?MAIN

?PR?_SERVO_SYNC_WRITE_VELOCITY_BASE_T...         0008H    003DH      -----    -----
  +--> ?PR?_SYNC_WRITE_DATA?MAIN

?PR?_SERVO_SYNC_WRITE_TIME_BASE_TARGE...         0008H    003DH      -----    -----
  +--> ?PR?_SYNC_WRITE_DATA?MAIN

?PR?_SERVO_SYNC_WRITE_TIME_BASE_TARGE...         0008H    003DH      -----    -----
  +--> ?PR?_SYNC_WRITE_DATA?MAIN



IGNORED SEGMENTS:
   ?DT?_SERVO_MODIFY_KNOWN_ID?MAIN



IGNORED SYMBOLS:
   ?_SERVO_MODIFY_KNOWN_ID?BYTE



SYMBOL TABLE OF MODULE:  template (MAIN)
BL51 BANKED LINKER/LOCATER V6.22                                                      06/24/2024  11:14:00  PAGE 18



  VALUE           TYPE          NAME
  ----------------------------------

  -------         MODULE        MAIN
  C:0000H         SYMBOL        _ICE_DUMMY_
  C:2AABH         PUBLIC        _servo_read_max_voltage_limit_analysis
  C:1C0FH         PUBLIC        _servo_read_time_base_target_moving_time_analysis
  C:36F9H         PUBLIC        _servo_read_velocity_base_target_dec
  C:2BFBH         PUBLIC        _servo_read_model_information_analysis
  C:34B6H         PUBLIC        _servo_set_target_current_analysis
  C:27D3H         PUBLIC        _servo_read_time_base_target_acc_analysis
  C:35A4H         PUBLIC        _servo_read_present_current
  D:0090H         PUBLIC        P1
  D:00A0H         PUBLIC        P2
  C:22FBH         PUBLIC        _servo_set_target_pwm
  D:00B0H         PUBLIC        P3
  C:3B2FH         PUBLIC        timer0_isr
  C:1EF5H         PUBLIC        _servo_read_position_control_d_gain_analysis
  C:2B8BH         PUBLIC        _servo_read_return_delay_time_analysis
  C:3810H         PUBLIC        _servo_read_current_offset
  C:3775H         PUBLIC        _servo_read_target_current
  B:00A8H.7       PUBLIC        EA
  D:0062H         PUBLIC        receive_len
  C:331EH         PUBLIC        _servo_set_current_shutdown_time_analysis
  C:36BBH         PUBLIC        _servo_read_time_base_target_position
  C:2E14H         PUBLIC        _servo_set_ccw_deadband
  C:2BC3H         PUBLIC        _servo_read_baud_rate_analysis
  C:1F5FH         PUBLIC        _servo_read_position_control_i_gain_analysis
  C:28B3H         PUBLIC        _servo_read_led_switch_analysis
  C:2993H         PUBLIC        _servo_read_shutdown_condition_analysis
  C:32DAH         PUBLIC        _servo_set_max_pwm_limit_analysis
  C:1929H         PUBLIC        _servo_ping_analysis
  D:00A8H         PUBLIC        IE
  C:1B3BH         PUBLIC        _servo_read_present_profile_velocity_analysis
  C:3965H         PUBLIC        _servo_read_current_shutdown_time
  C:21DBH         PUBLIC        _servo_read_min_angle_limit_analysis
  C:209DH         PUBLIC        _servo_read_max_current_limit_analysis
  C:1FC9H         PUBLIC        _servo_read_position_control_p_gain_analysis
  C:1CE3H         PUBLIC        _servo_read_velocity_base_target_velocity_analysis
  C:2171H         PUBLIC        _servo_read_max_angle_limit_analysis
  C:39A3H         PUBLIC        _servo_read_max_pwm_limit
  C:3450H         PUBLIC        _servo_set_flash_switch_analysis
  C:1AD1H         PUBLIC        _servo_read_present_profile_position_analysis
  C:1D4DH         PUBLIC        _servo_read_velocity_base_target_position_analysis
  C:307EH         PUBLIC        _servo_factory_reset
  B:00A8H.4       PUBLIC        ES
  C:1BA5H         PUBLIC        _servo_read_present_pwm_analysis
  C:2E3EH         PUBLIC        _servo_set_pwm_punch
  C:18B7H         PUBLIC        _servo_unpack
  D:00B8H         PUBLIC        IP
  C:2FE6H         PUBLIC        _servo_set_control_mode_analysis
  C:37F1H         PUBLIC        _servo_read_flash_switch
  B:0098H.0       PUBLIC        RI
  B:0098H.1       PUBLIC        TI
  C:1E21H         PUBLIC        _servo_read_target_pwm_analysis
  C:3582H         PUBLIC        _servo_set_time_base_target_position_and_moving_time_analysis
BL51 BANKED LINKER/LOCATER V6.22                                                      06/24/2024  11:14:00  PAGE 19


  C:384EH         PUBLIC        _servo_read_control_mode
  C:382FH         PUBLIC        _servo_read_calibration
  C:30F3H         PUBLIC        _servo_reboot
  C:3030H         PUBLIC        _get_check
  C:2D6CH         PUBLIC        _servo_set_max_temperature_limit
  C:30CCH         PUBLIC        _servo_calibration
  C:2A3BH         PUBLIC        _servo_read_ccw_deadband_analysis
  C:2DEAH         PUBLIC        _servo_set_cw_deadband
  C:2E68H         PUBLIC        _servo_set_led_condition
  C:0026H         PUBLIC        main
  C:300EH         PUBLIC        _servo_set_torque_switch_analysis
  C:2F10H         PUBLIC        _servo_set_velocity_base_target_acc
  C:2734H         PUBLIC        _uart_send_buffer
  C:1731H         PUBLIC        _servo_sync_write_velocity_base_target_acc
  C:2C33H         PUBLIC        _servo_read_firmware_version_analysis
  C:32B8H         PUBLIC        _servo_set_min_voltage_limit_analysis
  C:31ECH         PUBLIC        _servo_set_return_level_analysis
  C:3186H         PUBLIC        _servo_parameter_reset_analysis
  C:37B3H         PUBLIC        _servo_read_torque_switch
  C:3296H         PUBLIC        _servo_set_max_voltage_limit_analysis
  C:2F3AH         PUBLIC        _servo_set_velocity_base_target_dec
  C:17B3H         PUBLIC        _servo_sync_write_velocity_base_target_dec
  C:365EH         PUBLIC        _servo_read_present_temperature
  C:3560H         PUBLIC        _servo_set_time_base_target_acc_analysis
  C:342EH         PUBLIC        _servo_set_shutdown_conditions_analysis
  C:2F8EH         PUBLIC        _servo_read
  D:0099H         PUBLIC        SBUF
  D:0087H         PUBLIC        PCON
  C:3A5DH         PUBLIC        _servo_read_return_level
  C:39E1H         PUBLIC        _servo_read_min_voltage_limit
  C:2A03H         PUBLIC        _servo_read_pwm_punch_analysis
  C:33EAH         PUBLIC        _servo_set_position_control_d_gain_analysis
  C:39C2H         PUBLIC        _servo_read_max_voltage_limit
  C:369CH         PUBLIC        _servo_read_time_base_target_moving_time
  C:1217H         PUBLIC        _servo_pack
  D:0098H         PUBLIC        SCON
  C:31CAH         PUBLIC        _servo_set_return_delay_time_analysis
  C:3ABAH         PUBLIC        _servo_read_model_information
  C:234BH         PUBLIC        _servo_set_target_current
  D:0089H         PUBLIC        TMOD
  D:0088H         PUBLIC        TCON
  C:36DAH         PUBLIC        _servo_read_time_base_target_acc
  C:1A67H         PUBLIC        _servo_read_present_velocity_analysis
  C:3472H         PUBLIC        _servo_set_led_switch_analysis
  C:33C8H         PUBLIC        _servo_set_position_control_i_gain_analysis
  C:320EH         PUBLIC        _servo_set_baud_rate_analysis
  C:279BH         PUBLIC        _servo_read_present_voltage_analysis
  C:38ABH         PUBLIC        _servo_read_position_control_d_gain
  C:3A7CH         PUBLIC        _servo_read_return_delay_time
  C:3141H         PUBLIC        uart
  C:2B1BH         PUBLIC        _servo_read_max_temperature_limit_analysis
  C:19FDH         PUBLIC        _servo_read_present_position_analysis
  C:24D3H         PUBLIC        _servo_set_current_shutdown_time
  C:32FCH         PUBLIC        _servo_set_max_current_limit_analysis
  C:3230H         PUBLIC        _servo_set_min_angle_limit_analysis
  C:3A9BH         PUBLIC        _servo_read_baud_rate
  C:38CAH         PUBLIC        _servo_read_position_control_i_gain
BL51 BANKED LINKER/LOCATER V6.22                                                      06/24/2024  11:14:00  PAGE 20


  C:37D2H         PUBLIC        _servo_read_led_switch
  C:2A73H         PUBLIC        _servo_read_cw_deadband_analysis
  C:34FAH         PUBLIC        _servo_set_velocity_base_target_velocity_analysis
  C:33A6H         PUBLIC        _servo_set_position_control_p_gain_analysis
  C:29CBH         PUBLIC        _servo_read_led_condition_analysis
  C:3252H         PUBLIC        _servo_set_max_angle_limit_analysis
  C:2FB7H         PUBLIC        _servo_write
  C:386DH         PUBLIC        _servo_read_shutdown_condition
  C:2437H         PUBLIC        _servo_set_max_pwm_limit
  C:2245H         SYMBOL        _?ix1000
  C:3057H         PUBLIC        _servo_ping
  C:2C98H         PUBLIC        _servo_modify_unknown_id
  C:2259H         SYMBOL        _?ix1010
  C:2247H         SYMBOL        _?ix1001
  C:2843H         PUBLIC        _servo_read_velocity_base_target_acc_analysis
  C:3620H         PUBLIC        _servo_read_present_profile_velocity
  C:225BH         SYMBOL        _?ix1011
  C:2249H         SYMBOL        _?ix1002
  C:3A3EH         PUBLIC        _servo_read_min_angle_limit
  C:3984H         PUBLIC        _servo_read_max_current_limit
  C:225DH         SYMBOL        _?ix1012
  C:224BH         SYMBOL        _?ix1003
  C:34D8H         PUBLIC        _servo_set_velocity_base_target_position_analysis
  C:38E9H         PUBLIC        _servo_read_position_control_p_gain
  C:3737H         PUBLIC        _servo_read_velocity_base_target_velocity
  C:2261H         SYMBOL        _?ix1013
  C:224DH         SYMBOL        _?ix1004
  C:3A1FH         PUBLIC        _servo_read_max_angle_limit
  C:226BH         SYMBOL        _?ix1014
  C:224FH         SYMBOL        _?ix1005
  C:2275H         SYMBOL        _?ix1015
  C:2251H         SYMBOL        _?ix1006
  C:280BH         PUBLIC        _servo_read_velocity_base_target_dec_analysis
  C:2EBCH         PUBLIC        _servo_set_flash_switch
  B:00A8H.1       PUBLIC        ET0
  C:227FH         SYMBOL        _?ix1016
  C:2253H         SYMBOL        _?ix1007
  C:3601H         PUBLIC        _servo_read_present_profile_position
  C:2289H         SYMBOL        _?ix1017
  C:0003H         PUBLIC        _uart_send
  C:2255H         SYMBOL        _?ix1008
  C:1993H         PUBLIC        _servo_read_present_current_analysis
  C:2C6BH         PUBLIC        _sync_write_data
  C:2293H         SYMBOL        _?ix1018
  C:2257H         SYMBOL        _?ix1009
  C:3756H         PUBLIC        _servo_read_velocity_base_target_position
  D:008CH         PUBLIC        TH0
  C:3494H         PUBLIC        _servo_set_target_pwm_analysis
  D:008DH         PUBLIC        TH1
  C:363FH         PUBLIC        _servo_read_present_pwm
  C:26BDH         PUBLIC        _servo_set_control_mode
  C:2923H         PUBLIC        _servo_read_current_offset_analysis
  C:1DB7H         PUBLIC        _servo_read_target_current_analysis
  D:008AH         PUBLIC        TL0
  D:008BH         PUBLIC        TL1
  C:3131H         PUBLIC        _delay_ms
  C:1C79H         PUBLIC        _servo_read_time_base_target_position_analysis
BL51 BANKED LINKER/LOCATER V6.22                                                      06/24/2024  11:14:00  PAGE 21


  C:3362H         PUBLIC        _servo_set_ccw_deadband_analysis
  C:3794H         PUBLIC        _servo_read_target_pwm
  C:22A7H         PUBLIC        _servo_set_time_base_target_position_and_moving_time
  C:3AFFH         PUBLIC        uart_init
  C:143FH         PUBLIC        _servo_sync_write_time_base_target_position_and_moving_time
  B:0088H.4       PUBLIC        TR0
  B:0088H.6       PUBLIC        TR1
  C:2033H         PUBLIC        _servo_read_current_shutdown_time_analysis
  C:3927H         PUBLIC        _servo_read_ccw_deadband
  C:26FDH         PUBLIC        _servo_set_torque_switch
  C:2107H         PUBLIC        _servo_read_max_pwm_limit_analysis
  C:2CC4H         PUBLIC        _servo_modify_known_id
  C:3AD9H         PUBLIC        _servo_read_firmware_version
  C:3164H         PUBLIC        _servo_factory_reset_analysis
  C:2DC0H         PUBLIC        _servo_set_min_voltage_limit
  C:2D18H         PUBLIC        _servo_set_return_level
  C:30A5H         PUBLIC        _servo_parameter_reset
  C:3384H         PUBLIC        _servo_set_pwm_punch_analysis
  C:2D96H         PUBLIC        _servo_set_max_voltage_limit
  D:0063H         PUBLIC        receive_data
  C:28EBH         PUBLIC        _servo_read_flash_switch_analysis
  C:2F64H         PUBLIC        _servo_set_time_base_target_acc
  C:2E92H         PUBLIC        _servo_set_shutdown_conditions
  C:1835H         PUBLIC        _servo_sync_write_time_base_target_acc
  D:00C8H         PUBLIC        T2CON
  C:3B48H         PUBLIC        uart_init_recv
  C:3908H         PUBLIC        _servo_read_pwm_punch
  C:25BDH         PUBLIC        _servo_set_position_control_d_gain
  C:295BH         PUBLIC        _servo_read_control_mode_analysis
  C:2CEEH         PUBLIC        _servo_set_return_delay_time
  C:000EH         PUBLIC        timer0_init
  C:1E8BH         PUBLIC        _servo_read_calibration_analysis
  D:0077H         PUBLIC        ms_count
  C:3274H         PUBLIC        _servo_set_max_temperature_limit_analysis
  C:31A8H         PUBLIC        _servo_calibration_analysis
  C:35E2H         PUBLIC        _servo_read_present_velocity
  C:2EE6H         PUBLIC        _servo_set_led_switch
  C:256FH         PUBLIC        _servo_set_position_control_i_gain
  C:2D42H         PUBLIC        _servo_set_baud_rate
  C:3340H         PUBLIC        _servo_set_cw_deadband_analysis
  C:367DH         PUBLIC        _servo_read_present_voltage
  C:340CH         PUBLIC        _servo_set_led_condition_analysis
  C:351CH         PUBLIC        _servo_set_velocity_base_target_acc_analysis
  C:3A00H         PUBLIC        _servo_read_max_temperature_limit
  C:35C3H         PUBLIC        _servo_read_present_position
  C:2485H         PUBLIC        _servo_set_max_current_limit
  C:239BH         PUBLIC        _servo_set_min_angle_limit
  C:3946H         PUBLIC        _servo_read_cw_deadband
  C:2659H         PUBLIC        _servo_set_velocity_base_target_velocity
  C:2521H         PUBLIC        _servo_set_position_control_p_gain
  C:15F7H         PUBLIC        _servo_sync_write_velocity_base_target_velocity
  C:388CH         PUBLIC        _servo_read_led_condition
  C:23E9H         PUBLIC        _servo_set_max_angle_limit
  C:287BH         PUBLIC        _servo_read_torque_switch_analysis
  C:353EH         PUBLIC        _servo_set_velocity_base_target_dec_analysis
  C:2763H         PUBLIC        _servo_read_present_temperature_analysis
  C:3718H         PUBLIC        _servo_read_velocity_base_target_acc
BL51 BANKED LINKER/LOCATER V6.22                                                      06/24/2024  11:14:00  PAGE 22


  D:00D0H         PUBLIC        PSW
  C:260BH         PUBLIC        _servo_set_velocity_base_target_position
  C:2B53H         PUBLIC        _servo_read_return_level_analysis
  C:2AE3H         PUBLIC        _servo_read_min_voltage_limit_analysis
  C:1549H         PUBLIC        _servo_sync_write_velocity_base_target_position
  -------         PROC          _GET_CHECK
  D:005FH         SYMBOL        buffer
  D:0005H         SYMBOL        length
  -------         DO            
  D:0007H         SYMBOL        i
  D:0006H         SYMBOL        sum
  -------         ENDDO         
  C:3030H         LINE#         11
  C:3036H         LINE#         12
  C:3036H         LINE#         13
  C:3038H         LINE#         14
  C:3039H         LINE#         15
  C:303EH         LINE#         16
  C:303EH         LINE#         17
  C:304EH         LINE#         18
  C:3051H         LINE#         19
  C:3054H         LINE#         20
  C:3056H         LINE#         21
  -------         ENDPROC       _GET_CHECK
  -------         PROC          _SERVO_PACK
  D:0007H         SYMBOL        id
  D:0051H         SYMBOL        instruction
  D:0006H         SYMBOL        address
  D:0053H         SYMBOL        byte_length
  D:0054H         SYMBOL        input_buffer
  D:0057H         SYMBOL        output_buffer
  D:005AH         SYMBOL        output_length
  -------         DO            
  D:005DH         SYMBOL        i
  D:005EH         SYMBOL        j
  -------         ENDDO         
  C:1217H         LINE#         34
  C:121BH         LINE#         36
  C:121BH         LINE#         37
  C:121EH         LINE#         38
  C:1220H         LINE#         39
  C:1233H         LINE#         40
  C:1241H         LINE#         41
  C:124EH         LINE#         43
  C:1284H         LINE#         44
  C:1284H         LINE#         45
  C:1284H         LINE#         46
  C:1298H         LINE#         47
  C:12A3H         LINE#         48
  C:12A6H         LINE#         49
  C:12A6H         LINE#         50
  C:12BAH         LINE#         51
  C:12C8H         LINE#         52
  C:12D5H         LINE#         53
  C:12E0H         LINE#         54
  C:12E3H         LINE#         55
  C:12E3H         LINE#         56
BL51 BANKED LINKER/LOCATER V6.22                                                      06/24/2024  11:14:00  PAGE 23


  C:12F9H         LINE#         57
  C:1307H         LINE#         58
  C:1314H         LINE#         59
  C:1321H         LINE#         60
  C:1321H         LINE#         61
  C:1342H         LINE#         62
  C:1346H         LINE#         63
  C:1346H         LINE#         64
  C:1346H         LINE#         65
  C:136BH         LINE#         66
  C:1379H         LINE#         67
  C:13ABH         LINE#         68
  C:13ABH         LINE#         69
  C:13C6H         LINE#         70
  C:13CAH         LINE#         71
  C:13CAH         LINE#         72
  C:13CAH         LINE#         73
  C:13CAH         LINE#         74
  C:13CAH         LINE#         75
  C:13CAH         LINE#         76
  C:13DEH         LINE#         77
  C:13ECH         LINE#         78
  C:13FAH         LINE#         79
  C:1408H         LINE#         80
  C:140AH         LINE#         81
  C:140AH         LINE#         82
  C:140DH         LINE#         83
  C:140DH         LINE#         84
  C:1430H         LINE#         85
  C:143CH         LINE#         86
  C:143EH         LINE#         87
  -------         ENDPROC       _SERVO_PACK
  -------         PROC          _SERVO_UNPACK
  D:0011H         SYMBOL        response_packet
  D:0014H         SYMBOL        data_buffer
  -------         DO            
  D:0004H         SYMBOL        length
  D:0017H         SYMBOL        status
  D:0007H         SYMBOL        checksum
  -------         ENDDO         
  C:18B7H         LINE#         95
  C:18BDH         LINE#         96
  C:18BDH         LINE#         101
  C:18C4H         LINE#         102
  C:18CCH         LINE#         104
  C:18D9H         LINE#         106
  C:18FDH         LINE#         107
  C:18FDH         LINE#         108
  C:1900H         LINE#         109
  C:1900H         LINE#         111
  C:1904H         LINE#         112
  C:1904H         LINE#         113
  C:1906H         LINE#         114
  C:1906H         LINE#         116
  C:190CH         LINE#         117
  C:1926H         LINE#         118
  C:1926H         LINE#         120
BL51 BANKED LINKER/LOCATER V6.22                                                      06/24/2024  11:14:00  PAGE 24


  C:1928H         LINE#         121
  -------         ENDPROC       _SERVO_UNPACK
  -------         PROC          _SERVO_PING
  D:0007H         SYMBOL        id
  D:0009H         SYMBOL        output_buffer
  D:000CH         SYMBOL        output_buffer_len
  C:3057H         LINE#         130
  C:305DH         LINE#         131
  C:305DH         LINE#         132
  C:307BH         LINE#         134
  C:307DH         LINE#         135
  -------         ENDPROC       _SERVO_PING
  -------         PROC          _SERVO_READ
  D:0007H         SYMBOL        id
  D:0003H         SYMBOL        address
  D:0006H         SYMBOL        read_data_len
  D:0012H         SYMBOL        output_buffer
  D:0015H         SYMBOL        output_buffer_len
  C:2F8EH         LINE#         146
  C:2F92H         LINE#         147
  C:2F92H         LINE#         148
  C:2FB4H         LINE#         150
  C:2FB6H         LINE#         151
  -------         ENDPROC       _SERVO_READ
  -------         PROC          _SERVO_WRITE
  D:0007H         SYMBOL        id
  D:0003H         SYMBOL        address
  D:0006H         SYMBOL        write_data_len
  D:001AH         SYMBOL        input_buffer
  D:001DH         SYMBOL        output_buffer
  D:0020H         SYMBOL        output_buffer_len
  C:2FB7H         LINE#         163
  C:2FBBH         LINE#         164
  C:2FBBH         LINE#         165
  C:2FDDH         LINE#         167
  C:2FDFH         LINE#         168
  -------         ENDPROC       _SERVO_WRITE
  -------         PROC          _SYNC_WRITE_DATA
  D:0007H         SYMBOL        address
  D:0005H         SYMBOL        servo_counts
  D:0047H         SYMBOL        input_buffer
  D:004AH         SYMBOL        output_buffer
  D:004DH         SYMBOL        output_buffer_len
  C:2C6BH         LINE#         179
  C:2C71H         LINE#         180
  C:2C71H         LINE#         181
  C:2C95H         LINE#         183
  C:2C97H         LINE#         184
  -------         ENDPROC       _SYNC_WRITE_DATA
  -------         PROC          _SERVO_FACTORY_RESET
  D:0007H         SYMBOL        id
  D:0009H         SYMBOL        output_buffer
  D:000CH         SYMBOL        output_buffer_len
  C:307EH         LINE#         193
  C:3084H         LINE#         194
  C:3084H         LINE#         195
  C:30A2H         LINE#         197
BL51 BANKED LINKER/LOCATER V6.22                                                      06/24/2024  11:14:00  PAGE 25


  C:30A4H         LINE#         198
  -------         ENDPROC       _SERVO_FACTORY_RESET
  -------         PROC          _SERVO_PARAMETER_RESET
  D:0007H         SYMBOL        id
  D:0009H         SYMBOL        output_buffer
  D:000CH         SYMBOL        output_buffer_len
  C:30A5H         LINE#         207
  C:30ABH         LINE#         208
  C:30ABH         LINE#         209
  C:30C9H         LINE#         211
  C:30CBH         LINE#         212
  -------         ENDPROC       _SERVO_PARAMETER_RESET
  -------         PROC          _SERVO_CALIBRATION
  D:0007H         SYMBOL        id
  D:0009H         SYMBOL        output_buffer
  D:000CH         SYMBOL        output_buffer_len
  C:30CCH         LINE#         221
  C:30D2H         LINE#         222
  C:30D2H         LINE#         223
  C:30F0H         LINE#         225
  C:30F2H         LINE#         226
  -------         ENDPROC       _SERVO_CALIBRATION
  -------         PROC          _SERVO_REBOOT
  D:0007H         SYMBOL        id
  D:0009H         SYMBOL        output_buffer
  D:000CH         SYMBOL        output_buffer_len
  C:30F3H         LINE#         235
  C:30F9H         LINE#         236
  C:30F9H         LINE#         237
  C:3117H         LINE#         239
  C:3119H         LINE#         240
  -------         ENDPROC       _SERVO_REBOOT
  -------         PROC          _SERVO_MODIFY_KNOWN_ID
  D:0007H         SYMBOL        id
  D:0001H         SYMBOL        new_id
  D:0002H         SYMBOL        output_buffer
  D:0005H         SYMBOL        output_buffer_len
  C:2CC4H         LINE#         250
  C:2CCCH         LINE#         251
  C:2CCCH         LINE#         252
  C:2CEBH         LINE#         254
  C:2CEDH         LINE#         255
  -------         ENDPROC       _SERVO_MODIFY_KNOWN_ID
  -------         PROC          _SERVO_MODIFY_UNKNOWN_ID
  D:0079H         SYMBOL        new_id
  D:007AH         SYMBOL        output_buffer
  D:007DH         SYMBOL        output_buffer_len
  C:2C98H         LINE#         264
  C:2CA0H         LINE#         265
  C:2CA0H         LINE#         266
  C:2CC1H         LINE#         268
  C:2CC3H         LINE#         269
  -------         ENDPROC       _SERVO_MODIFY_UNKNOWN_ID
  -------         PROC          _SERVO_SET_RETURN_DELAY_TIME
  D:0007H         SYMBOL        id
  D:0009H         SYMBOL        response_delay_time
  D:000AH         SYMBOL        output_buffer
BL51 BANKED LINKER/LOCATER V6.22                                                      06/24/2024  11:14:00  PAGE 26


  D:000DH         SYMBOL        output_buffer_len
  C:2CEEH         LINE#         279
  C:2CF6H         LINE#         280
  C:2CF6H         LINE#         281
  C:2D15H         LINE#         283
  C:2D17H         LINE#         284
  -------         ENDPROC       _SERVO_SET_RETURN_DELAY_TIME
  -------         PROC          _SERVO_SET_RETURN_LEVEL
  D:0007H         SYMBOL        id
  D:0009H         SYMBOL        return_level
  D:000AH         SYMBOL        output_buffer
  D:000DH         SYMBOL        output_buffer_len
  C:2D18H         LINE#         294
  C:2D20H         LINE#         295
  C:2D20H         LINE#         296
  C:2D3FH         LINE#         298
  C:2D41H         LINE#         299
  -------         ENDPROC       _SERVO_SET_RETURN_LEVEL
  -------         PROC          _SERVO_SET_BAUD_RATE
  D:0007H         SYMBOL        id
  D:0009H         SYMBOL        baud_rate_number
  D:000AH         SYMBOL        output_buffer
  D:000DH         SYMBOL        output_buffer_len
  C:2D42H         LINE#         309
  C:2D4AH         LINE#         310
  C:2D4AH         LINE#         311
  C:2D69H         LINE#         313
  C:2D6BH         LINE#         314
  -------         ENDPROC       _SERVO_SET_BAUD_RATE
  -------         PROC          _SERVO_SET_MIN_ANGLE_LIMIT
  D:0008H         SYMBOL        id
  D:0009H         SYMBOL        min_angle_limit
  D:000BH         SYMBOL        output_buffer
  D:000EH         SYMBOL        output_buffer_len
  -------         DO            
  D:0011H         SYMBOL        buffer
  -------         ENDDO         
  C:239BH         LINE#         324
  C:23A7H         LINE#         325
  C:23A7H         LINE#         326
  C:23BAH         LINE#         328
  C:23BEH         LINE#         329
  C:23C2H         LINE#         331
  C:23E6H         LINE#         333
  C:23E8H         LINE#         334
  -------         ENDPROC       _SERVO_SET_MIN_ANGLE_LIMIT
  -------         PROC          _SERVO_SET_MAX_ANGLE_LIMIT
  D:0008H         SYMBOL        id
  D:0009H         SYMBOL        max_angle_limit
  D:000BH         SYMBOL        output_buffer
  D:000EH         SYMBOL        output_buffer_len
  -------         DO            
  D:0011H         SYMBOL        buffer
  -------         ENDDO         
  C:23E9H         LINE#         344
  C:23F5H         LINE#         345
  C:23F5H         LINE#         346
BL51 BANKED LINKER/LOCATER V6.22                                                      06/24/2024  11:14:00  PAGE 27


  C:2408H         LINE#         348
  C:240CH         LINE#         349
  C:2410H         LINE#         351
  C:2434H         LINE#         352
  C:2436H         LINE#         353
  -------         ENDPROC       _SERVO_SET_MAX_ANGLE_LIMIT
  -------         PROC          _SERVO_SET_MAX_TEMPERATURE_LIMIT
  D:0007H         SYMBOL        id
  D:0009H         SYMBOL        max_temperature_limit
  D:000AH         SYMBOL        output_buffer
  D:000DH         SYMBOL        output_buffer_len
  C:2D6CH         LINE#         363
  C:2D74H         LINE#         364
  C:2D74H         LINE#         365
  C:2D93H         LINE#         366
  C:2D95H         LINE#         367
  -------         ENDPROC       _SERVO_SET_MAX_TEMPERATURE_LIMIT
  -------         PROC          _SERVO_SET_MAX_VOLTAGE_LIMIT
  D:0007H         SYMBOL        id
  D:0009H         SYMBOL        max_voltage_limit
  D:000AH         SYMBOL        output_buffer
  D:000DH         SYMBOL        output_buffer_len
  C:2D96H         LINE#         377
  C:2D9EH         LINE#         378
  C:2D9EH         LINE#         379
  C:2DBDH         LINE#         380
  C:2DBFH         LINE#         381
  -------         ENDPROC       _SERVO_SET_MAX_VOLTAGE_LIMIT
  -------         PROC          _SERVO_SET_MIN_VOLTAGE_LIMIT
  D:0007H         SYMBOL        id
  D:0009H         SYMBOL        min_voltage_limit
  D:000AH         SYMBOL        output_buffer
  D:000DH         SYMBOL        output_buffer_len
  C:2DC0H         LINE#         391
  C:2DC8H         LINE#         392
  C:2DC8H         LINE#         393
  C:2DE7H         LINE#         394
  C:2DE9H         LINE#         395
  -------         ENDPROC       _SERVO_SET_MIN_VOLTAGE_LIMIT
  -------         PROC          _SERVO_SET_MAX_PWM_LIMIT
  D:0008H         SYMBOL        id
  D:0009H         SYMBOL        max_pwm_limit
  D:000BH         SYMBOL        output_buffer
  D:000EH         SYMBOL        output_buffer_len
  -------         DO            
  D:0011H         SYMBOL        buffer
  -------         ENDDO         
  C:2437H         LINE#         405
  C:2443H         LINE#         406
  C:2443H         LINE#         407
  C:2456H         LINE#         409
  C:245AH         LINE#         410
  C:245EH         LINE#         412
  C:2482H         LINE#         413
  C:2484H         LINE#         414
  -------         ENDPROC       _SERVO_SET_MAX_PWM_LIMIT
  -------         PROC          _SERVO_SET_MAX_CURRENT_LIMIT
BL51 BANKED LINKER/LOCATER V6.22                                                      06/24/2024  11:14:00  PAGE 28


  D:0008H         SYMBOL        id
  D:0009H         SYMBOL        max_current_limit
  D:000BH         SYMBOL        output_buffer
  D:000EH         SYMBOL        output_buffer_len
  -------         DO            
  D:0011H         SYMBOL        buffer
  -------         ENDDO         
  C:2485H         LINE#         424
  C:2491H         LINE#         425
  C:2491H         LINE#         426
  C:24A4H         LINE#         428
  C:24A8H         LINE#         429
  C:24ACH         LINE#         431
  C:24D0H         LINE#         432
  C:24D2H         LINE#         433
  -------         ENDPROC       _SERVO_SET_MAX_CURRENT_LIMIT
  -------         PROC          _SERVO_SET_CURRENT_SHUTDOWN_TIME
  D:0008H         SYMBOL        id
  D:0009H         SYMBOL        current_shutdown_time
  D:000BH         SYMBOL        output_buffer
  D:000EH         SYMBOL        output_buffer_len
  -------         DO            
  D:0011H         SYMBOL        buffer
  -------         ENDDO         
  C:24D3H         LINE#         443
  C:24DFH         LINE#         444
  C:24DFH         LINE#         445
  C:24F2H         LINE#         447
  C:24F6H         LINE#         448
  C:24FAH         LINE#         450
  C:251EH         LINE#         451
  C:2520H         LINE#         452
  -------         ENDPROC       _SERVO_SET_CURRENT_SHUTDOWN_TIME
  -------         PROC          _SERVO_SET_CW_DEADBAND
  D:0007H         SYMBOL        id
  D:0009H         SYMBOL        cw_deadband
  D:000AH         SYMBOL        output_buffer
  D:000DH         SYMBOL        output_buffer_len
  C:2DEAH         LINE#         462
  C:2DF2H         LINE#         463
  C:2DF2H         LINE#         464
  C:2E11H         LINE#         465
  C:2E13H         LINE#         466
  -------         ENDPROC       _SERVO_SET_CW_DEADBAND
  -------         PROC          _SERVO_SET_CCW_DEADBAND
[...]
  C:055DH         LINE#         454
  C:055DH         LINE#         455
  C:0560H         LINE#         456
  C:0572H         LINE#         457
  C:0572H         LINE#         460
  C:0575H         LINE#         461
  C:0589H         LINE#         462
  C:0589H         LINE#         464
  C:0589H         LINE#         465
  C:058CH         LINE#         466
  C:059EH         LINE#         467
  C:059EH         LINE#         470
  C:05A1H         LINE#         471
  C:05B5H         LINE#         472
  C:05B5H         LINE#         474
  C:05B5H         LINE#         475
  C:05B8H         LINE#         476
  C:05CAH         LINE#         477
  C:05CAH         LINE#         480
  C:05CDH         LINE#         481
  C:05E1H         LINE#         482
  C:05E1H         LINE#         484
  C:05E1H         LINE#         485
  C:05E4H         LINE#         486
  C:05F6H         LINE#         487
  C:05F6H         LINE#         490
  C:05F9H         LINE#         491
  C:060DH         LINE#         492
  C:060DH         LINE#         494
  C:060DH         LINE#         495
  C:0610H         LINE#         496
  C:0622H         LINE#         497
  C:0622H         LINE#         500
  C:0625H         LINE#         501
  C:0639H         LINE#         502
  C:0639H         LINE#         504
  C:0639H         LINE#         505
  C:063CH         LINE#         506
  C:064EH         LINE#         507
  C:064EH         LINE#         511
  C:0651H         LINE#         512
  C:0665H         LINE#         513
  C:0665H         LINE#         515
  C:0665H         LINE#         516
  C:0668H         LINE#         517
  C:067AH         LINE#         518
  C:067AH         LINE#         522
  C:067DH         LINE#         523
  C:0691H         LINE#         524
  C:0691H         LINE#         526
  C:0691H         LINE#         527
  C:0694H         LINE#         528
BL51 BANKED LINKER/LOCATER V6.22                                                      06/24/2024  11:14:00  PAGE 76


  C:06A6H         LINE#         529
  C:06A6H         LINE#         533
  C:06A9H         LINE#         534
  C:06BDH         LINE#         535
  C:06BDH         LINE#         537
  C:06BDH         LINE#         538
  C:06C0H         LINE#         539
  C:06D2H         LINE#         540
  C:06D2H         LINE#         544
  C:06D5H         LINE#         545
  C:06E9H         LINE#         546
  C:06E9H         LINE#         548
  C:06E9H         LINE#         549
  C:06ECH         LINE#         550
  C:06FEH         LINE#         551
  C:06FEH         LINE#         554
  C:0701H         LINE#         555
  C:0715H         LINE#         556
  C:0715H         LINE#         558
  C:0715H         LINE#         559
  C:0718H         LINE#         560
  C:072AH         LINE#         561
  C:072AH         LINE#         565
  C:072DH         LINE#         566
  C:0741H         LINE#         567
  C:0741H         LINE#         569
  C:0741H         LINE#         570
  C:0744H         LINE#         571
  C:0756H         LINE#         572
  C:0756H         LINE#         576
  C:0759H         LINE#         577
  C:076DH         LINE#         578
  C:076DH         LINE#         580
  C:076DH         LINE#         581
  C:0770H         LINE#         582
  C:0782H         LINE#         583
  C:0782H         LINE#         587
  C:0785H         LINE#         588
  C:0799H         LINE#         589
  C:0799H         LINE#         591
  C:0799H         LINE#         592
  C:079CH         LINE#         593
  C:07AEH         LINE#         594
  C:07AEH         LINE#         597
  C:07B1H         LINE#         598
  C:07C5H         LINE#         599
  C:07C5H         LINE#         601
  C:07C5H         LINE#         602
  C:07C8H         LINE#         603
  C:07DAH         LINE#         604
  C:07DAH         LINE#         608
  C:07DDH         LINE#         609
  C:07F1H         LINE#         610
  C:07F1H         LINE#         612
  C:07F1H         LINE#         613
  C:07F4H         LINE#         614
  C:0806H         LINE#         615
BL51 BANKED LINKER/LOCATER V6.22                                                      06/24/2024  11:14:00  PAGE 77


  C:0806H         LINE#         619
  C:0809H         LINE#         620
  C:081DH         LINE#         621
  C:081DH         LINE#         623
  C:081DH         LINE#         624
  C:0820H         LINE#         625
  C:0832H         LINE#         626
  C:0832H         LINE#         630
  C:0835H         LINE#         631
  C:0849H         LINE#         632
  C:0849H         LINE#         634
  C:0849H         LINE#         635
  C:084CH         LINE#         636
  C:085EH         LINE#         637
  C:085EH         LINE#         641
  C:0861H         LINE#         642
  C:0875H         LINE#         643
  C:0875H         LINE#         645
  C:0875H         LINE#         646
  C:0878H         LINE#         647
  C:088AH         LINE#         648
  C:088AH         LINE#         651
  C:088DH         LINE#         652
  C:08A1H         LINE#         653
  C:08A1H         LINE#         655
  C:08A1H         LINE#         656
  C:08A4H         LINE#         657
  C:08B6H         LINE#         658
  C:08B6H         LINE#         662
  C:08B9H         LINE#         663
  C:08CDH         LINE#         664
  C:08CDH         LINE#         666
  C:08CDH         LINE#         667
  C:08D0H         LINE#         668
  C:08E2H         LINE#         669
  C:08E2H         LINE#         674
  C:08E5H         LINE#         675
  C:08FBH         LINE#         676
  C:08FBH         LINE#         678
  C:08FBH         LINE#         679
  C:08FEH         LINE#         681
  C:0907H         LINE#         684
  C:090AH         LINE#         685
  C:0920H         LINE#         687
  C:0920H         LINE#         689
  C:0920H         LINE#         690
  C:0923H         LINE#         692
  C:092CH         LINE#         695
  C:092FH         LINE#         696
  C:0945H         LINE#         698
  C:0945H         LINE#         700
  C:0945H         LINE#         701
  C:0948H         LINE#         703
  C:0951H         LINE#         706
  C:0954H         LINE#         707
  C:096AH         LINE#         709
  C:096AH         LINE#         711
BL51 BANKED LINKER/LOCATER V6.22                                                      06/24/2024  11:14:00  PAGE 78


  C:096AH         LINE#         712
  C:096DH         LINE#         714
  C:0976H         LINE#         717
  C:0979H         LINE#         718
  C:0990H         LINE#         720
  C:0990H         LINE#         722
  C:0990H         LINE#         723
  C:0993H         LINE#         725
  C:099CH         LINE#         728
  C:099FH         LINE#         729
  C:09B7H         LINE#         731
  C:09B7H         LINE#         733
  C:09B7H         LINE#         734
  C:09BAH         LINE#         736
  C:09C3H         LINE#         739
  C:09C6H         LINE#         740
  C:09DCH         LINE#         742
  C:09DCH         LINE#         744
  C:09DCH         LINE#         745
  C:09DFH         LINE#         747
  C:09E8H         LINE#         750
  C:09EBH         LINE#         751
  C:0A01H         LINE#         753
  C:0A01H         LINE#         755
  C:0A01H         LINE#         756
  C:0A04H         LINE#         758
  C:0A0DH         LINE#         761
  C:0A10H         LINE#         762
  C:0A26H         LINE#         764
  C:0A26H         LINE#         766
  C:0A26H         LINE#         767
  C:0A29H         LINE#         769
  C:0A32H         LINE#         772
  C:0A35H         LINE#         773
  C:0A4DH         LINE#         775
  C:0A4DH         LINE#         777
  C:0A4DH         LINE#         778
  C:0A50H         LINE#         780
  C:0A59H         LINE#         783
  C:0A5CH         LINE#         784
  C:0A74H         LINE#         786
  C:0A74H         LINE#         788
  C:0A74H         LINE#         789
  C:0A77H         LINE#         791
  C:0A80H         LINE#         794
  C:0A83H         LINE#         795
  C:0A9BH         LINE#         797
  C:0A9BH         LINE#         799
  C:0A9BH         LINE#         800
  C:0A9EH         LINE#         802
  C:0AA7H         LINE#         805
  C:0AAAH         LINE#         806
  C:0AC0H         LINE#         808
  C:0AC0H         LINE#         810
  C:0AC0H         LINE#         811
  C:0AC3H         LINE#         813
  C:0ACCH         LINE#         816
BL51 BANKED LINKER/LOCATER V6.22                                                      06/24/2024  11:14:00  PAGE 79


  C:0ACFH         LINE#         817
  C:0AE5H         LINE#         819
  C:0AE5H         LINE#         821
  C:0AE5H         LINE#         822
  C:0AE8H         LINE#         824
  C:0AF1H         LINE#         827
  C:0AF4H         LINE#         828
  C:0B0AH         LINE#         830
  C:0B0AH         LINE#         832
  C:0B0AH         LINE#         833
  C:0B0DH         LINE#         835
  C:0B16H         LINE#         838
  C:0B19H         LINE#         839
  C:0B31H         LINE#         841
  C:0B31H         LINE#         843
  C:0B31H         LINE#         844
  C:0B34H         LINE#         846
  C:0B3DH         LINE#         849
  C:0B40H         LINE#         850
  C:0B58H         LINE#         852
  C:0B58H         LINE#         854
  C:0B58H         LINE#         855
  C:0B5BH         LINE#         857
  C:0B64H         LINE#         860
  C:0B67H         LINE#         861
  C:0B7FH         LINE#         863
  C:0B7FH         LINE#         865
  C:0B7FH         LINE#         866
  C:0B82H         LINE#         868
  C:0B8BH         LINE#         871
  C:0B8EH         LINE#         872
  C:0BA4H         LINE#         874
  C:0BA4H         LINE#         876
  C:0BA4H         LINE#         877
  C:0BA7H         LINE#         879
  C:0BB0H         LINE#         882
  C:0BB3H         LINE#         883
  C:0BC9H         LINE#         885
  C:0BC9H         LINE#         887
  C:0BC9H         LINE#         888
  C:0BCCH         LINE#         890
  C:0BD5H         LINE#         893
  C:0BD8H         LINE#         894
  C:0BEEH         LINE#         896
  C:0BEEH         LINE#         898
  C:0BEEH         LINE#         899
  C:0BF1H         LINE#         901
  C:0BFAH         LINE#         904
  C:0BFDH         LINE#         905
  C:0C15H         LINE#         907
  C:0C15H         LINE#         909
  C:0C15H         LINE#         910
  C:0C18H         LINE#         912
  C:0C21H         LINE#         915
  C:0C24H         LINE#         916
  C:0C3CH         LINE#         918
  C:0C3CH         LINE#         920
BL51 BANKED LINKER/LOCATER V6.22                                                      06/24/2024  11:14:00  PAGE 80


  C:0C3CH         LINE#         921
  C:0C3FH         LINE#         923
  C:0C48H         LINE#         926
  C:0C48H         LINE#         927
  C:0C4BH         LINE#         929
  C:0C4BH         LINE#         931
  C:0C4BH         LINE#         932
  C:0C4EH         LINE#         933
  C:0C51H         LINE#         936
  C:0C51H         LINE#         937
  C:0C54H         LINE#         939
  C:0C54H         LINE#         941
  C:0C54H         LINE#         942
  C:0C57H         LINE#         943
  C:0C5AH         LINE#         946
  C:0C5DH         LINE#         947
  C:0C73H         LINE#         949
  C:0C73H         LINE#         951
  C:0C73H         LINE#         952
  C:0C76H         LINE#         953
  C:0C79H         LINE#         956
  C:0C7CH         LINE#         957
  C:0C94H         LINE#         959
  C:0C94H         LINE#         961
  C:0C94H         LINE#         962
  C:0C97H         LINE#         964
  C:0CA0H         LINE#         967
  C:0CA3H         LINE#         968
  C:0CB9H         LINE#         970
  C:0CB9H         LINE#         972
  C:0CB9H         LINE#         973
  C:0CBCH         LINE#         975
  C:0CC5H         LINE#         978
  C:0CC8H         LINE#         979
  C:0CDEH         LINE#         981
  C:0CDEH         LINE#         983
  C:0CDEH         LINE#         984
  C:0CE1H         LINE#         986
  C:0CEAH         LINE#         989
  C:0CEDH         LINE#         990
  C:0D04H         LINE#         992
  C:0D04H         LINE#         994
  C:0D04H         LINE#         995
  C:0D07H         LINE#         996
  C:0D10H         LINE#         999
  C:0D10H         LINE#         1000
  C:0D13H         LINE#         1002
  C:0D13H         LINE#         1004
  C:0D13H         LINE#         1005
  C:0D16H         LINE#         1006
  C:0D19H         LINE#         1009
  C:0D1CH         LINE#         1010
  C:0D32H         LINE#         1012
  C:0D32H         LINE#         1014
  C:0D32H         LINE#         1015
  C:0D35H         LINE#         1016
  C:0D38H         LINE#         1019
BL51 BANKED LINKER/LOCATER V6.22                                                      06/24/2024  11:14:00  PAGE 81


  C:0D3BH         LINE#         1020
  C:0D51H         LINE#         1022
  C:0D51H         LINE#         1024
  C:0D51H         LINE#         1025
  C:0D54H         LINE#         1026
  C:0D57H         LINE#         1029
  C:0D5AH         LINE#         1030
  C:0D70H         LINE#         1031
  C:0D70H         LINE#         1033
  C:0D70H         LINE#         1034
  C:0D73H         LINE#         1036
  C:0D7CH         LINE#         1039
  C:0D7FH         LINE#         1040
  C:0D9EH         LINE#         1042
  C:0DA1H         LINE#         1044
  C:0DA4H         LINE#         1045
  C:0DABH         LINE#         1047
  C:0DB4H         LINE#         1052
  C:0DB4H         LINE#         1053
  C:0DB7H         LINE#         1054
  C:0DB7H         LINE#         1056
  C:0DB7H         LINE#         1057
  C:0DBAH         LINE#         1058
  C:0DBDH         LINE#         1061
  C:0DBDH         LINE#         1062
  C:0DC0H         LINE#         1063
  C:0DC0H         LINE#         1065
  C:0DC0H         LINE#         1066
  C:0DC3H         LINE#         1067
  C:0DC6H         LINE#         1070
  C:0DC9H         LINE#         1071
  C:0DDFH         LINE#         1072
  C:0DDFH         LINE#         1074
  C:0DDFH         LINE#         1075
  C:0DE2H         LINE#         1076
  C:0DE5H         LINE#         1079
  C:0DE8H         LINE#         1080
  C:0DFEH         LINE#         1081
  C:0DFEH         LINE#         1083
  C:0DFEH         LINE#         1084
  C:0E01H         LINE#         1085
  C:0E04H         LINE#         1088
  C:0E07H         LINE#         1089
  C:0E1DH         LINE#         1090
  C:0E1DH         LINE#         1092
  C:0E1DH         LINE#         1093
  C:0E20H         LINE#         1094
  C:0E23H         LINE#         1097
  C:0E26H         LINE#         1098
  C:0E3CH         LINE#         1099
  C:0E3CH         LINE#         1101
  C:0E3CH         LINE#         1102
  C:0E3FH         LINE#         1103
  C:0E42H         LINE#         1106
  C:0E45H         LINE#         1107
  C:0E62H         LINE#         1108
  C:0E62H         LINE#         1110
BL51 BANKED LINKER/LOCATER V6.22                                                      06/24/2024  11:14:00  PAGE 82


  C:0E62H         LINE#         1111
  C:0E65H         LINE#         1114
  C:0E68H         LINE#         1115
  C:0E85H         LINE#         1116
  C:0E85H         LINE#         1118
  C:0E85H         LINE#         1119
  C:0E88H         LINE#         1122
  C:0E8BH         LINE#         1123
  C:0EA8H         LINE#         1124
  C:0EA8H         LINE#         1126
  C:0EA8H         LINE#         1127
  C:0EABH         LINE#         1130
  C:0EAEH         LINE#         1131
  C:0ECBH         LINE#         1132
  C:0ECBH         LINE#         1134
  C:0ECBH         LINE#         1135
  C:0ECEH         LINE#         1139
  C:0ECEH         LINE#         1140
  C:0ED1H         LINE#         1141
  C:0ED1H         LINE#         1143
  C:0ED1H         LINE#         1144
  C:0ED4H         LINE#         1145
  C:0ED7H         LINE#         1148
  C:0EDAH         LINE#         1149
  C:0EF0H         LINE#         1150
  C:0EF0H         LINE#         1152
  C:0EF0H         LINE#         1153
  C:0EF3H         LINE#         1154
  C:0EF6H         LINE#         1157
  C:0EF9H         LINE#         1158
  C:0F0FH         LINE#         1159
  C:0F0FH         LINE#         1161
  C:0F0FH         LINE#         1162
  C:0F12H         LINE#         1163
  C:0F15H         LINE#         1166
  C:0F18H         LINE#         1167
  C:0F2EH         LINE#         1168
  C:0F2EH         LINE#         1170
  C:0F2EH         LINE#         1171
  C:0F31H         LINE#         1172
  C:0F34H         LINE#         1175
  C:0F37H         LINE#         1176
  C:0F4DH         LINE#         1177
  C:0F4DH         LINE#         1179
  C:0F4DH         LINE#         1180
  C:0F50H         LINE#         1181
  C:0F53H         LINE#         1184
  C:0F56H         LINE#         1185
  C:0F6CH         LINE#         1186
  C:0F6CH         LINE#         1188
  C:0F6CH         LINE#         1189
  C:0F6FH         LINE#         1190
  C:0F72H         LINE#         1193
  C:0F75H         LINE#         1194
  C:0F92H         LINE#         1195
  C:0F92H         LINE#         1197
  C:0F92H         LINE#         1198
BL51 BANKED LINKER/LOCATER V6.22                                                      06/24/2024  11:14:00  PAGE 83


  C:0F95H         LINE#         1201
  C:0F98H         LINE#         1202
  C:0FB5H         LINE#         1203
  C:0FB5H         LINE#         1205
  C:0FB5H         LINE#         1206
  C:0FB8H         LINE#         1210
  -------         ENDPROC       MAIN
  -------         PROC          UART
  C:3141H         LINE#         1213
  C:314CH         LINE#         1215
  C:314FH         LINE#         1216
  C:314FH         LINE#         1217
  C:3151H         LINE#         1218
  C:315BH         LINE#         1219
  C:315BH         LINE#         1224
  -------         ENDPROC       UART
  -------         ENDMOD        MAIN

  -------         MODULE        ?C?COPY
  C:108BH         PUBLIC        ?C?COPY
  -------         ENDMOD        ?C?COPY

  -------         MODULE        ?C?CLDPTR
  C:10B1H         PUBLIC        ?C?CLDPTR
  -------         ENDMOD        ?C?CLDPTR

  -------         MODULE        ?C?CLDOPTR
  C:10CAH         PUBLIC        ?C?CLDOPTR
  -------         ENDMOD        ?C?CLDOPTR

  -------         MODULE        ?C?CSTPTR
  C:10F7H         PUBLIC        ?C?CSTPTR
  -------         ENDMOD        ?C?CSTPTR

  -------         MODULE        ?C?CSTOPTR
  C:1109H         PUBLIC        ?C?CSTOPTR
  -------         ENDMOD        ?C?CSTOPTR

  -------         MODULE        ?C?ILDPTR
  C:112BH         PUBLIC        ?C?ILDPTR
  -------         ENDMOD        ?C?ILDPTR

  -------         MODULE        ?C?ILDOPTR
  C:1156H         PUBLIC        ?C?ILDOPTR
  -------         ENDMOD        ?C?ILDOPTR

  -------         MODULE        ?C?ISTPTR
  C:118EH         PUBLIC        ?C?ISTPTR
  -------         ENDMOD        ?C?ISTPTR

  -------         MODULE        ?C?PSTPTR
  C:11ADH         PUBLIC        ?C?PSTPTR
  -------         ENDMOD        ?C?PSTPTR

  -------         MODULE        ?C?PSTIDATA
  C:11FCH         PUBLIC        ?C?PSTIDATA
  -------         ENDMOD        ?C?PSTIDATA
BL51 BANKED LINKER/LOCATER V6.22                                                      06/24/2024  11:14:00  PAGE 84



  -------         MODULE        ?C?PSTXDATA
  C:1205H         PUBLIC        ?C?PSTXDATA
  -------         ENDMOD        ?C?PSTXDATA

  -------         MODULE        ?C?PSTPDATA
  C:120EH         PUBLIC        ?C?PSTPDATA
  -------         ENDMOD        ?C?PSTPDATA

*** ERROR L107: ADDRESS SPACE OVERFLOW
    SPACE:   DATA    
    SEGMENT: ?DT?_SERVO_MODIFY_KNOWN_ID?MAIN
    LENGTH:  0008H

*** ERROR L105: PUBLIC REFERS TO IGNORED SEGMENT
    SYMBOL:  ?_SERVO_MODIFY_KNOWN_ID?BYTE
    SEGMENT: ?DT?_SERVO_MODIFY_KNOWN_ID?MAIN

Program Size: data=137.0 xdata=93 code=15193
LINK/LOCATE RUN COMPLETE.  0 WARNING(S),  2 ERROR(S)
